Product: MDK-ARM Standard 5.10
Component: ARM Compiler 5.04 update 1 (build 49)
Tool: armlink [5040049]

==============================================================================

Section Cross References

    main.o(.text) refers to os_cpu_c.o(.text) for OS_CPU_SysTickInit
    main.o(.text) refers to os_core.o(.text) for OSStatInit
    main.o(.text) refers to task.o(.text) for App_Task
    main.o(.text) refers to os_time.o(.text) for OSTimeDlyHMSM
    main.o(.text) refers to os_cpu_a.o(.text) for CPU_IntDis
    main.o(.text) refers to os_task.o(.text) for OSTaskCreateExt
    main.o(.text) refers to system_stm32f4xx.o(.data) for SystemCoreClock
    main.o(.text) refers to main.o(.bss) for App_TaskStartStk
    task.o(.text) refers to os_sem.o(.text) for OSSemPend
    task.o(.text) refers to action_driver.o(.text) for ActionRequestMotorInfo
    task.o(.text) refers to data.o(.text) for GetInput
    task.o(.text) refers to usart.o(.text) for USART_OUT
    task.o(.text) refers to misc.o(.text) for NVIC_PriorityGroupConfig
    task.o(.text) refers to timer.o(.text) for TIM_Delayms
    task.o(.text) refers to can.o(.text) for CAN_Config
    task.o(.text) refers to os_mbox.o(.text) for OSMboxCreate
    task.o(.text) refers to os_task.o(.text) for OSTaskCreate
    task.o(.text) refers to fflt_clz.o(x$fpl$fflt) for __aeabi_i2f
    task.o(.text) refers to fmul.o(x$fpl$fmul) for __aeabi_fmul
    task.o(.text) refers to ffix.o(x$fpl$ffix) for __aeabi_f2iz
    task.o(.text) refers to f2d.o(x$fpl$f2d) for __aeabi_f2d
    task.o(.text) refers to dflt_clz.o(x$fpl$dflt) for __aeabi_i2d
    task.o(.text) refers to dmul.o(x$fpl$dmul) for __aeabi_dmul
    task.o(.text) refers to dfix.o(x$fpl$dfix) for __aeabi_d2iz
    task.o(.text) refers to daddsub_clz.o(x$fpl$dadd) for __aeabi_dadd
    task.o(.text) refers to d2f.o(x$fpl$d2f) for __aeabi_d2f
    task.o(.text) refers to drleqf.o(x$fpl$drleqf) for __aeabi_cdrcmple
    task.o(.text) refers to daddsub_clz.o(x$fpl$dsub) for __aeabi_dsub
    task.o(.text) refers to fleqf.o(x$fpl$fleqf) for __aeabi_cfcmple
    task.o(.text) refers to task.o(.data) for PeriodSem
    task.o(.text) refers to task.o(.bss) for App_ConfigStk
    stm32f4xx_it.o(.text) refers to stm32f4xx_can.o(.text) for CAN_GetITStatus
    stm32f4xx_it.o(.text) refers to action_driver.o(.text) for ActionCheckError
    stm32f4xx_it.o(.text) refers to os_cpu_a.o(.text) for OS_CPU_SR_Save
    stm32f4xx_it.o(.text) refers to can.o(.text) for CAN_RxMsg
    stm32f4xx_it.o(.text) refers to os_core.o(.text) for OSIntExit
    stm32f4xx_it.o(.text) refers to stm32f4xx_tim.o(.text) for TIM_GetITStatus
    stm32f4xx_it.o(.text) refers to os_sem.o(.text) for OSSemPost
    stm32f4xx_it.o(.text) refers to stm32f4xx_usart.o(.text) for USART_GetITStatus
    stm32f4xx_it.o(.text) refers to data.o(.text) for SetInput
    stm32f4xx_it.o(.text) refers to stm32f4xx_it.o(.data) for motor_ready
    stm32f4xx_it.o(.text) refers to os_core.o(.data) for OSIntNesting
    stm32f4xx_it.o(.text) refers to stm32f4xx_it.o(.bss) for buffer
    stm32f4xx_it.o(.text) refers to task.o(.data) for PeriodSem
    encoder.o(.text) refers to timer.o(.text) for TIM_Init
    encoder.o(.text) refers to stm32f4xx_rcc.o(.text) for RCC_APB2PeriphClockCmd
    encoder.o(.text) refers to stm32f4xx_gpio.o(.text) for GPIO_StructInit
    encoder.o(.text) refers to misc.o(.text) for NVIC_Init
    encoder.o(.text) refers to stm32f4xx_tim.o(.text) for TIM_DeInit
    encoder.o(.text) refers to encoder.o(.data) for lastCount
    encoder.o(.text) refers to encoder.o(.bss) for Encoder_CurPos
    timer.o(.text) refers to stm32f4xx_rcc.o(.text) for RCC_APB2PeriphClockCmd
    timer.o(.text) refers to stm32f4xx_tim.o(.text) for TIM_TimeBaseInit
    timer.o(.text) refers to misc.o(.text) for NVIC_Init
    usart.o(.text) refers to stm32f4xx_rcc.o(.text) for RCC_AHB1PeriphClockCmd
    usart.o(.text) refers to stm32f4xx_gpio.o(.text) for GPIO_PinAFConfig
    usart.o(.text) refers to stm32f4xx_usart.o(.text) for USART_Init
    usart.o(.text) refers to misc.o(.text) for NVIC_Init
    can.o(.text) refers to stm32f4xx_rcc.o(.text) for RCC_APB1PeriphClockCmd
    can.o(.text) refers to stm32f4xx_gpio.o(.text) for GPIO_PinAFConfig
    can.o(.text) refers to stm32f4xx_can.o(.text) for CAN_DeInit
    can.o(.text) refers to misc.o(.text) for NVIC_Init
    gpio.o(.text) refers to stm32f4xx_rcc.o(.text) for RCC_AHB1PeriphClockCmd
    gpio.o(.text) refers to stm32f4xx_gpio.o(.text) for GPIO_Init
    action_driver.o(.text) refers to stm32f4xx_can.o(.text) for CAN_Transmit
    action_driver.o(.text) refers to action_driver.o(.data) for Speed_Value
    action_driver.o(.text) refers to action_driver.o(.constdata) for .constdata
    action_driver.o(.text) refers to rt_memcpy_w.o(.text) for __aeabi_memcpy4
    data.o(.text) refers to data.o(.data) for cmdVel
    data.o(.text) refers to data.o(.bss) for pos
    system_stm32f4xx.o(.text) refers to system_stm32f4xx.o(.data) for SystemCoreClock
[...]
    App_ConfigStk                            0x2000050c   Data        1024  main.o(.bss)
    BeforePlayTaskStk                        0x2000090c   Data        1024  main.o(.bss)
    PlayTaskStk                              0x20000d0c   Data        1024  main.o(.bss)
    WalkTaskStk                              0x2000110c   Data        1024  main.o(.bss)
    GoHome_DealerrTaskStk                    0x2000150c   Data        1024  main.o(.bss)
    DEBUGTaskStk                             0x2000190c   Data        1024  main.o(.bss)
    .bss                                     0x20001d0c   Section     7168  task.o(.bss)
    App_TaskStartStk                         0x20001d0c   Data        1024  task.o(.bss)
    App_ConfigStk                            0x2000210c   Data        1024  task.o(.bss)
    BeforePlayTaskStk                        0x2000250c   Data        1024  task.o(.bss)
    PlayTaskStk                              0x2000290c   Data        1024  task.o(.bss)
    WalkTaskStk                              0x20002d0c   Data        1024  task.o(.bss)
    GoHome_DealerrTaskStk                    0x2000310c   Data        1024  task.o(.bss)
    DEBUGTaskStk                             0x2000350c   Data        1024  task.o(.bss)
    .bss                                     0x2000390c   Section       40  stm32f4xx_it.o(.bss)
    buffer                                   0x2000390c   Data          16  stm32f4xx_it.o(.bss)
    posture                                  0x2000391c   Data          24  stm32f4xx_it.o(.bss)
    .bss                                     0x20003934   Section       12  data.o(.bss)
    .bss                                     0x20003940   Section      512  os_cpu_c.o(.bss)
    .bss                                     0x20003b40   Section     7048  os_core.o(.bss)
    .bss                                     0x200056c8   Section       96  libspace.o(.bss)
    HEAP                                     0x20005728   Section      512  startup_stm32f4xx.o(HEAP)
    Heap_Mem                                 0x20005728   Data         512  startup_stm32f4xx.o(HEAP)
    STACK                                    0x20005928   Section     1024  startup_stm32f4xx.o(STACK)
    Stack_Mem                                0x20005928   Data        1024  startup_stm32f4xx.o(STACK)
    __initial_sp                             0x20005d28   Data           0  startup_stm32f4xx.o(STACK)

    Global Symbols

    Symbol Name                              Value     Ov Type        Size  Object(Section)

    BuildAttributes$$THM_ISAv4$E$P$D$K$B$S$7EM$PE$A:L22UL41UL21$X:L11$S22US41US21$IEEE1$IW$USESV6$~STKCKD$USESV7$~SHL$OSPACE$ROPI$EBA8$UX$STANDARDLIB$REQ8$PRES8$EABIv2 0x00000000   Number         0  anon$$obj.o ABSOLUTE
    __ARM_use_no_argv                        0x00000000   Number         0  main.o ABSOLUTE
    __ARM_exceptions_init                     - Undefined Weak Reference
    __alloca_initialize                       - Undefined Weak Reference
    __cpp_initialize__aeabi_                  - Undefined Weak Reference
    __cxa_finalize                            - Undefined Weak Reference
    __rt_locale                               - Undefined Weak Reference
    __sigvec_lookup                           - Undefined Weak Reference
    _atexit_init                              - Undefined Weak Reference
    _call_atexit_fns                          - Undefined Weak Reference
    _clock_init                               - Undefined Weak Reference
    _fp_trap_init                             - Undefined Weak Reference
    _fp_trap_shutdown                         - Undefined Weak Reference
    _get_lc_collate                           - Undefined Weak Reference
    _get_lc_ctype                             - Undefined Weak Reference
    _get_lc_monetary                          - Undefined Weak Reference
    _get_lc_numeric                           - Undefined Weak Reference
    _get_lc_time                              - Undefined Weak Reference
    _getenv_init                              - Undefined Weak Reference
    _handle_redirection                       - Undefined Weak Reference
    _init_alloc                               - Undefined Weak Reference
    _init_user_alloc                          - Undefined Weak Reference
    _initio                                   - Undefined Weak Reference
    _rand_init                                - Undefined Weak Reference
    _signal_finish                            - Undefined Weak Reference
    _signal_init                              - Undefined Weak Reference
    _terminate_alloc                          - Undefined Weak Reference
    _terminate_user_alloc                     - Undefined Weak Reference
    _terminateio                              - Undefined Weak Reference
    __Vectors_Size                           0x00000188   Number         0  startup_stm32f4xx.o ABSOLUTE
    __Vectors                                0x08000000   Data           4  startup_stm32f4xx.o(RESET)
    __Vectors_End                            0x08000188   Data           0  startup_stm32f4xx.o(RESET)
    __main                                   0x08000189   Thumb Code     8  __main.o(!!!main)
    __scatterload                            0x08000191   Thumb Code     0  __scatter.o(!!!scatter)
    __scatterload_rt2                        0x08000191   Thumb Code    44  __scatter.o(!!!scatter)
    __scatterload_rt2_thumb_only             0x08000191   Thumb Code     0  __scatter.o(!!!scatter)
    __scatterload_null                       0x0800019f   Thumb Code     0  __scatter.o(!!!scatter)
    __scatterload_copy                       0x080001c5   Thumb Code    26  __scatter_copy.o(!!handler_copy)
    __scatterload_zeroinit                   0x080001e1   Thumb Code    28  __scatter_zi.o(!!handler_zi)
    __rt_lib_init                            0x080001fd   Thumb Code     0  libinit.o(.ARM.Collect$$libinit$$00000000)
    __rt_lib_init_alloca_1                   0x080001ff   Thumb Code     0  libinit2.o(.ARM.Collect$$libinit$$0000002C)
    __rt_lib_init_argv_1                     0x080001ff   Thumb Code     0  libinit2.o(.ARM.Collect$$libinit$$0000002A)
    __rt_lib_init_atexit_1                   0x080001ff   Thumb Code     0  libinit2.o(.ARM.Collect$$libinit$$00000019)
    __rt_lib_init_clock_1                    0x080001ff   Thumb Code     0  libinit2.o(.ARM.Collect$$libinit$$0000001F)
    __rt_lib_init_cpp_1                      0x080001ff   Thumb Code     0  libinit2.o(.ARM.Collect$$libinit$$00000030)
    __rt_lib_init_exceptions_1               0x080001ff   Thumb Code     0  libinit2.o(.ARM.Collect$$libinit$$0000002E)
    __rt_lib_init_fp_1                       0x080001ff   Thumb Code     0  libinit2.o(.ARM.Collect$$libinit$$00000002)
    __rt_lib_init_fp_trap_1                  0x080001ff   Thumb Code     0  libinit2.o(.ARM.Collect$$libinit$$0000001D)
    __rt_lib_init_getenv_1                   0x080001ff   Thumb Code     0  libinit2.o(.ARM.Collect$$libinit$$00000021)
    __rt_lib_init_heap_1                     0x080001ff   Thumb Code     0  libinit2.o(.ARM.Collect$$libinit$$00000008)
    __rt_lib_init_lc_collate_1               0x080001ff   Thumb Code     0  libinit2.o(.ARM.Collect$$libinit$$0000000F)
    __rt_lib_init_lc_ctype_1                 0x080001ff   Thumb Code     0  libinit2.o(.ARM.Collect$$libinit$$00000011)
    __rt_lib_init_lc_monetary_1              0x080001ff   Thumb Code     0  libinit2.o(.ARM.Collect$$libinit$$00000013)
    __rt_lib_init_lc_numeric_1               0x080001ff   Thumb Code     0  libinit2.o(.ARM.Collect$$libinit$$00000015)
    __rt_lib_init_lc_time_1                  0x080001ff   Thumb Code     0  libinit2.o(.ARM.Collect$$libinit$$00000017)
    __rt_lib_init_rand_1                     0x080001ff   Thumb Code     0  libinit2.o(.ARM.Collect$$libinit$$0000000C)
    __rt_lib_init_return                     0x080001ff   Thumb Code     0  libinit2.o(.ARM.Collect$$libinit$$00000031)
    __rt_lib_init_signal_1                   0x080001ff   Thumb Code     0  libinit2.o(.ARM.Collect$$libinit$$0000001B)
    __rt_lib_init_stdio_1                    0x080001ff   Thumb Code     0  libinit2.o(.ARM.Collect$$libinit$$00000023)
    __rt_lib_init_user_alloc_1               0x080001ff   Thumb Code     0  libinit2.o(.ARM.Collect$$libinit$$0000000A)
    __rt_lib_shutdown                        0x08000201   Thumb Code     0  libshutdown.o(.ARM.Collect$$libshutdown$$00000000)
    __rt_lib_shutdown_fp_trap_1              0x08000203   Thumb Code     0  libshutdown2.o(.ARM.Collect$$libshutdown$$00000006)
    __rt_lib_shutdown_heap_1                 0x08000203   Thumb Code     0  libshutdown2.o(.ARM.Collect$$libshutdown$$0000000E)
    __rt_lib_shutdown_return                 0x08000203   Thumb Code     0  libshutdown2.o(.ARM.Collect$$libshutdown$$0000000F)
    __rt_lib_shutdown_signal_1               0x08000203   Thumb Code     0  libshutdown2.o(.ARM.Collect$$libshutdown$$00000009)
    __rt_lib_shutdown_stdio_1                0x08000203   Thumb Code     0  libshutdown2.o(.ARM.Collect$$libshutdown$$00000003)
    __rt_lib_shutdown_user_alloc_1           0x08000203   Thumb Code     0  libshutdown2.o(.ARM.Collect$$libshutdown$$0000000B)
    __rt_entry                               0x08000205   Thumb Code     0  rtentry.o(.ARM.Collect$$rtentry$$00000000)
    __rt_entry_presh_1                       0x08000205   Thumb Code     0  rtentry2.o(.ARM.Collect$$rtentry$$00000002)
    __rt_entry_sh                            0x08000205   Thumb Code     0  rtentry4.o(.ARM.Collect$$rtentry$$00000004)
    __rt_entry_li                            0x0800020b   Thumb Code     0  rtentry2.o(.ARM.Collect$$rtentry$$0000000A)
    __rt_entry_postsh_1                      0x0800020b   Thumb Code     0  rtentry2.o(.ARM.Collect$$rtentry$$00000009)
    __rt_entry_main                          0x0800020f   Thumb Code     0  rtentry2.o(.ARM.Collect$$rtentry$$0000000D)
    __rt_entry_postli_1                      0x0800020f   Thumb Code     0  rtentry2.o(.ARM.Collect$$rtentry$$0000000C)
    __rt_exit                                0x08000217   Thumb Code     0  rtexit.o(.ARM.Collect$$rtexit$$00000000)
    __rt_exit_ls                             0x08000219   Thumb Code     0  rtexit2.o(.ARM.Collect$$rtexit$$00000003)
    __rt_exit_prels_1                        0x08000219   Thumb Code     0  rtexit2.o(.ARM.Collect$$rtexit$$00000002)
    __rt_exit_exit                           0x0800021d   Thumb Code     0  rtexit2.o(.ARM.Collect$$rtexit$$00000004)
    main                                     0x0800024d   Thumb Code    58  main.o(.text)
    App_Task                                 0x08000377   Thumb Code    94  task.o(.text)
    MotionCtrl                               0x080003d5   Thumb Code   568  task.o(.text)
    CAN1_RX0_IRQHandler                      0x08000675   Thumb Code    92  stm32f4xx_it.o(.text)
    CAN2_RX0_IRQHandler                      0x080006d1   Thumb Code   134  stm32f4xx_it.o(.text)
    TIM1_UP_TIM10_IRQHandler                 0x08000757   Thumb Code    50  stm32f4xx_it.o(.text)
    TIM8_UP_TIM13_IRQHandler                 0x08000789   Thumb Code    50  stm32f4xx_it.o(.text)
    TIM3_IRQHandler                          0x080007bb   Thumb Code    58  stm32f4xx_it.o(.text)
    TIM4_IRQHandler                          0x080007f5   Thumb Code    50  stm32f4xx_it.o(.text)
    TIM5_IRQHandler                          0x08000827   Thumb Code    50  stm32f4xx_it.o(.text)
    USART2_IRQHandler                        0x08000859   Thumb Code   126  stm32f4xx_it.o(.text)
    USART3_IRQHandler                        0x080008d7   Thumb Code   286  stm32f4xx_it.o(.text)
    NMI_Handler                              0x080009f5   Thumb Code     4  stm32f4xx_it.o(.text)
    HardFault_Handler                        0x080009f9   Thumb Code     4  stm32f4xx_it.o(.text)
    MemManage_Handler                        0x080009fd   Thumb Code     4  stm32f4xx_it.o(.text)
    BusFault_Handler                         0x08000a01   Thumb Code     4  stm32f4xx_it.o(.text)
    UsageFault_Handler                       0x08000a05   Thumb Code     4  stm32f4xx_it.o(.text)
    SVC_Handler                              0x08000a09   Thumb Code     2  stm32f4xx_it.o(.text)
    DebugMon_Handler                         0x08000a0b   Thumb Code     2  stm32f4xx_it.o(.text)
    wait                                     0x08000a75   Thumb Code    10  timer.o(.text)
    TIM_Init                                 0x08000a7f   Thumb Code   440  timer.o(.text)
    TIM_Delayus                              0x08000c37   Thumb Code   422  timer.o(.text)
    TIM_Delay100us                           0x08000ddd   Thumb Code   466  timer.o(.text)
    TIM_Delayms                              0x08000faf   Thumb Code    28  timer.o(.text)
    PC_USART2_Init                           0x08000fcd   Thumb Code   168  usart.o(.text)
    GYRO_USART3_Init                         0x08001075   Thumb Code   172  usart.o(.text)
    DEBUG_UART4_Init                         0x08001121   Thumb Code   124  usart.o(.text)
    itoa                                     0x0800119d   Thumb Code    98  usart.o(.text)
    USART_OUT                                0x080011ff   Thumb Code   262  usart.o(.text)
    CAN_Config                               0x08001319   Thumb Code   938  can.o(.text)
    CAN_TxMsg                                0x080016c3   Thumb Code    88  can.o(.text)
    CAN_RxMsg                                0x0800171b   Thumb Code    72  can.o(.text)
    Set_Speed_Value                          0x08001769   Thumb Code     6  action_driver.o(.text)
    Get_Speed_Value                          0x0800176f   Thumb Code     6  action_driver.o(.text)
    Set_AbsolutePosition_Value               0x08001775   Thumb Code     6  action_driver.o(.text)
    Get_AbsolutePosition_Value               0x0800177b   Thumb Code     6  action_driver.o(.text)
    Set_RelativePosition_Value               0x08001781   Thumb Code     6  action_driver.o(.text)
    Get_RelativePosition_Value               0x08001787   Thumb Code     6  action_driver.o(.text)
    Set_Current_Value                        0x0800178d   Thumb Code     6  action_driver.o(.text)
    Get_Current_Value                        0x08001793   Thumb Code     6  action_driver.o(.text)
    ActionSetHeartbeatInterval               0x08001799   Thumb Code   182  action_driver.o(.text)
    ActionSetOperationalMode                 0x0800184f   Thumb Code   176  action_driver.o(.text)
    ActionEnable                             0x080018ff   Thumb Code   190  action_driver.o(.text)
    ActionConfigTorque                       0x080019bd   Thumb Code   206  action_driver.o(.text)
    ActionSetTorque                          0x08001a8b   Thumb Code   230  action_driver.o(.text)
    ActionConfigVelocity                     0x08001b71   Thumb Code   236  action_driver.o(.text)
    ActionSetVelocity                        0x08001c5d   Thumb Code   206  action_driver.o(.text)
    ActionConfigPosition                     0x08001d2b   Thumb Code   264  action_driver.o(.text)
    ActionSetPosition                        0x08001e33   Thumb Code   232  action_driver.o(.text)
    ActionSetHome                            0x08001f1b   Thumb Code   216  action_driver.o(.text)
    ActionRequestMotorInfo                   0x08001ff3   Thumb Code   210  action_driver.o(.text)
    ActionUpdateMotorInfo                    0x080020c5   Thumb Code   244  action_driver.o(.text)
    ActionCheckError                         0x080021b9   Thumb Code    82  action_driver.o(.text)
    ActionSendRemote                         0x0800220b   Thumb Code    66  action_driver.o(.text)
    ActionSetRPdo                            0x0800224d   Thumb Code   268  action_driver.o(.text)
    ActionSetTPdo                            0x08002359   Thumb Code   338  action_driver.o(.text)
    ActionSetTPdoComType                     0x080024ab   Thumb Code   218  action_driver.o(.text)
    ActionSetRPdoComType                     0x08002585   Thumb Code   220  action_driver.o(.text)
    ActionSetTPdoBanTime                     0x08002661   Thumb Code   220  action_driver.o(.text)
    ActionSetTPdoEventCnt                    0x0800273d   Thumb Code   234  action_driver.o(.text)
    ActionSetTPdoMap                         0x08002827   Thumb Code   316  action_driver.o(.text)
    ActionSetRPdoMap                         0x08002963   Thumb Code   318  action_driver.o(.text)
    ActionPDOVelConfig                       0x08002aa1   Thumb Code   242  action_driver.o(.text)
    ActionPDOReData                          0x08002b93   Thumb Code   138  action_driver.o(.text)
    Set_CmdVel                               0x08002c1d   Thumb Code    22  data.o(.text)
    Get_CmdVel                               0x08002c33   Thumb Code    24  data.o(.text)
    Set_Pos                                  0x08002c4b   Thumb Code    26  data.o(.text)
    Get_Pos                                  0x08002c65   Thumb Code    30  data.o(.text)
    SetInput                                 0x08002c83   Thumb Code     6  data.o(.text)
    GetInput                                 0x08002c89   Thumb Code     6  data.o(.text)
    SystemInit                               0x08002d79   Thumb Code    74  system_stm32f4xx.o(.text)
    SystemCoreClockUpdate                    0x08002dc3   Thumb Code   174  system_stm32f4xx.o(.text)
    Reset_Handler                            0x08002e9d   Thumb Code     8  startup_stm32f4xx.o(.text)
    ADC_IRQHandler                           0x08002eb7   Thumb Code     0  startup_stm32f4xx.o(.text)
    CAN1_RX1_IRQHandler                      0x08002eb7   Thumb Code     0  startup_stm32f4xx.o(.text)
    CAN1_SCE_IRQHandler                      0x08002eb7   Thumb Code     0  startup_stm32f4xx.o(.text)
    CAN1_TX_IRQHandler                       0x08002eb7   Thumb Code     0  startup_stm32f4xx.o(.text)
    CAN2_RX1_IRQHandler                      0x08002eb7   Thumb Code     0  startup_stm32f4xx.o(.text)
    CAN2_SCE_IRQHandler                      0x08002eb7   Thumb Code     0  startup_stm32f4xx.o(.text)
    CAN2_TX_IRQHandler                       0x08002eb7   Thumb Code     0  startup_stm32f4xx.o(.text)
    CRYP_IRQHandler                          0x08002eb7   Thumb Code     0  startup_stm32f4xx.o(.text)
    DCMI_IRQHandler                          0x08002eb7   Thumb Code     0  startup_stm32f4xx.o(.text)
    DMA1_Stream0_IRQHandler                  0x08002eb7   Thumb Code     0  startup_stm32f4xx.o(.text)
    DMA1_Stream1_IRQHandler                  0x08002eb7   Thumb Code     0  startup_stm32f4xx.o(.text)
    DMA1_Stream2_IRQHandler                  0x08002eb7   Thumb Code     0  startup_stm32f4xx.o(.text)
    DMA1_Stream3_IRQHandler                  0x08002eb7   Thumb Code     0  startup_stm32f4xx.o(.text)
    DMA1_Stream4_IRQHandler                  0x08002eb7   Thumb Code     0  startup_stm32f4xx.o(.text)
    DMA1_Stream5_IRQHandler                  0x08002eb7   Thumb Code     0  startup_stm32f4xx.o(.text)
    DMA1_Stream6_IRQHandler                  0x08002eb7   Thumb Code     0  startup_stm32f4xx.o(.text)
    DMA1_Stream7_IRQHandler                  0x08002eb7   Thumb Code     0  startup_stm32f4xx.o(.text)
    DMA2_Stream0_IRQHandler                  0x08002eb7   Thumb Code     0  startup_stm32f4xx.o(.text)
    DMA2_Stream1_IRQHandler                  0x08002eb7   Thumb Code     0  startup_stm32f4xx.o(.text)
    DMA2_Stream2_IRQHandler                  0x08002eb7   Thumb Code     0  startup_stm32f4xx.o(.text)
    DMA2_Stream3_IRQHandler                  0x08002eb7   Thumb Code     0  startup_stm32f4xx.o(.text)
    DMA2_Stream4_IRQHandler                  0x08002eb7   Thumb Code     0  startup_stm32f4xx.o(.text)
    DMA2_Stream5_IRQHandler                  0x08002eb7   Thumb Code     0  startup_stm32f4xx.o(.text)
    DMA2_Stream6_IRQHandler                  0x08002eb7   Thumb Code     0  startup_stm32f4xx.o(.text)
    DMA2_Stream7_IRQHandler                  0x08002eb7   Thumb Code     0  startup_stm32f4xx.o(.text)
    ETH_IRQHandler                           0x08002eb7   Thumb Code     0  startup_stm32f4xx.o(.text)
    ETH_WKUP_IRQHandler                      0x08002eb7   Thumb Code     0  startup_stm32f4xx.o(.text)
    EXTI0_IRQHandler                         0x08002eb7   Thumb Code     0  startup_stm32f4xx.o(.text)
    EXTI15_10_IRQHandler                     0x08002eb7   Thumb Code     0  startup_stm32f4xx.o(.text)
    EXTI1_IRQHandler                         0x08002eb7   Thumb Code     0  startup_stm32f4xx.o(.text)
    EXTI2_IRQHandler                         0x08002eb7   Thumb Code     0  startup_stm32f4xx.o(.text)
    EXTI3_IRQHandler                         0x08002eb7   Thumb Code     0  startup_stm32f4xx.o(.text)
    EXTI4_IRQHandler                         0x08002eb7   Thumb Code     0  startup_stm32f4xx.o(.text)
    EXTI9_5_IRQHandler                       0x08002eb7   Thumb Code     0  startup_stm32f4xx.o(.text)
    FLASH_IRQHandler                         0x08002eb7   Thumb Code     0  startup_stm32f4xx.o(.text)
    FPU_IRQHandler                           0x08002eb7   Thumb Code     0  startup_stm32f4xx.o(.text)
    FSMC_IRQHandler                          0x08002eb7   Thumb Code     0  startup_stm32f4xx.o(.text)
    HASH_RNG_IRQHandler                      0x08002eb7   Thumb Code     0  startup_stm32f4xx.o(.text)
    I2C1_ER_IRQHandler                       0x08002eb7   Thumb Code     0  startup_stm32f4xx.o(.text)
    I2C1_EV_IRQHandler                       0x08002eb7   Thumb Code     0  startup_stm32f4xx.o(.text)
    I2C2_ER_IRQHandler                       0x08002eb7   Thumb Code     0  startup_stm32f4xx.o(.text)
    I2C2_EV_IRQHandler                       0x08002eb7   Thumb Code     0  startup_stm32f4xx.o(.text)
    I2C3_ER_IRQHandler                       0x08002eb7   Thumb Code     0  startup_stm32f4xx.o(.text)
    I2C3_EV_IRQHandler                       0x08002eb7   Thumb Code     0  startup_stm32f4xx.o(.text)
    OTG_FS_IRQHandler                        0x08002eb7   Thumb Code     0  startup_stm32f4xx.o(.text)
    OTG_FS_WKUP_IRQHandler                   0x08002eb7   Thumb Code     0  startup_stm32f4xx.o(.text)
    OTG_HS_EP1_IN_IRQHandler                 0x08002eb7   Thumb Code     0  startup_stm32f4xx.o(.text)
    OTG_HS_EP1_OUT_IRQHandler                0x08002eb7   Thumb Code     0  startup_stm32f4xx.o(.text)
    OTG_HS_IRQHandler                        0x08002eb7   Thumb Code     0  startup_stm32f4xx.o(.text)
    OTG_HS_WKUP_IRQHandler                   0x08002eb7   Thumb Code     0  startup_stm32f4xx.o(.text)
    PVD_IRQHandler                           0x08002eb7   Thumb Code     0  startup_stm32f4xx.o(.text)
    RCC_IRQHandler                           0x08002eb7   Thumb Code     0  startup_stm32f4xx.o(.text)
    RTC_Alarm_IRQHandler                     0x08002eb7   Thumb Code     0  startup_stm32f4xx.o(.text)
    RTC_WKUP_IRQHandler                      0x08002eb7   Thumb Code     0  startup_stm32f4xx.o(.text)
    SDIO_IRQHandler                          0x08002eb7   Thumb Code     0  startup_stm32f4xx.o(.text)
    SPI1_IRQHandler                          0x08002eb7   Thumb Code     0  startup_stm32f4xx.o(.text)
    SPI2_IRQHandler                          0x08002eb7   Thumb Code     0  startup_stm32f4xx.o(.text)
    SPI3_IRQHandler                          0x08002eb7   Thumb Code     0  startup_stm32f4xx.o(.text)
    TAMP_STAMP_IRQHandler                    0x08002eb7   Thumb Code     0  startup_stm32f4xx.o(.text)
    TIM1_BRK_TIM9_IRQHandler                 0x08002eb7   Thumb Code     0  startup_stm32f4xx.o(.text)
    TIM1_CC_IRQHandler                       0x08002eb7   Thumb Code     0  startup_stm32f4xx.o(.text)
    TIM1_TRG_COM_TIM11_IRQHandler            0x08002eb7   Thumb Code     0  startup_stm32f4xx.o(.text)
    TIM2_IRQHandler                          0x08002eb7   Thumb Code     0  startup_stm32f4xx.o(.text)
    TIM6_DAC_IRQHandler                      0x08002eb7   Thumb Code     0  startup_stm32f4xx.o(.text)
    TIM7_IRQHandler                          0x08002eb7   Thumb Code     0  startup_stm32f4xx.o(.text)
    TIM8_BRK_TIM12_IRQHandler                0x08002eb7   Thumb Code     0  startup_stm32f4xx.o(.text)
    TIM8_CC_IRQHandler                       0x08002eb7   Thumb Code     0  startup_stm32f4xx.o(.text)
    TIM8_TRG_COM_TIM14_IRQHandler            0x08002eb7   Thumb Code     0  startup_stm32f4xx.o(.text)
    UART4_IRQHandler                         0x08002eb7   Thumb Code     0  startup_stm32f4xx.o(.text)
    UART5_IRQHandler                         0x08002eb7   Thumb Code     0  startup_stm32f4xx.o(.text)
    USART1_IRQHandler                        0x08002eb7   Thumb Code     0  startup_stm32f4xx.o(.text)
    USART6_IRQHandler                        0x08002eb7   Thumb Code     0  startup_stm32f4xx.o(.text)
    WWDG_IRQHandler                          0x08002eb7   Thumb Code     0  startup_stm32f4xx.o(.text)
    __user_initial_stackheap                 0x08002eb9   Thumb Code     0  startup_stm32f4xx.o(.text)
    OSInitHookBegin                          0x08002edd   Thumb Code    40  os_cpu_c.o(.text)
    OSInitHookEnd                            0x08002f05   Thumb Code     2  os_cpu_c.o(.text)
    OSTaskCreateHook                         0x08002f07   Thumb Code    12  os_cpu_c.o(.text)
    OSTaskDelHook                            0x08002f13   Thumb Code    12  os_cpu_c.o(.text)
    OSTaskIdleHook                           0x08002f1f   Thumb Code     8  os_cpu_c.o(.text)
    OSTaskStatHook                           0x08002f27   Thumb Code     8  os_cpu_c.o(.text)
    OSTaskStkInit                            0x08002f2f   Thumb Code   152  os_cpu_c.o(.text)
    OSTaskSwHook                             0x08002fc7   Thumb Code     8  os_cpu_c.o(.text)
    OSTCBInitHook                            0x08002fcf   Thumb Code    12  os_cpu_c.o(.text)
    OSTimeTickHook                           0x08002fdb   Thumb Code    34  os_cpu_c.o(.text)
    SysTick_Handler                          0x08002ffd   Thumb Code    42  os_cpu_c.o(.text)
    OS_CPU_SysTickInit                       0x08003027   Thumb Code    28  os_cpu_c.o(.text)
    OS_CPU_SR_Save                           0x08003065   Thumb Code     0  os_cpu_a.o(.text)
    OS_CPU_SR_Restore                        0x0800306d   Thumb Code     0  os_cpu_a.o(.text)
    OSStartHighRdy                           0x08003073   Thumb Code     0  os_cpu_a.o(.text)
    OSCtxSw                                  0x08003093   Thumb Code     0  os_cpu_a.o(.text)
    OSIntCtxSw                               0x0800309d   Thumb Code     0  os_cpu_a.o(.text)
    PendSV_Handler                           0x080030a7   Thumb Code     0  os_cpu_a.o(.text)
    CPU_IntDis                               0x080030e9   Thumb Code     0  os_cpu_a.o(.text)
    CPU_IntEn                                0x080030ed   Thumb Code     0  os_cpu_a.o(.text)
    OSDebugInit                              0x08003111   Thumb Code   118  os_dbg.o(.text)
    OS_StrLen                                0x0800326d   Thumb Code    20  os_core.o(.text)
    OSEventNameGet                           0x08003281   Thumb Code   118  os_core.o(.text)
    OSEventNameSet                           0x080032f7   Thumb Code   100  os_core.o(.text)
    OS_EventTaskRemoveMulti                  0x0800335b   Thumb Code    58  os_core.o(.text)
    OS_Sched                                 0x080033af   Thumb Code    88  os_core.o(.text)
    OS_EventTaskWaitMulti                    0x08003407   Thumb Code   136  os_core.o(.text)
    OSEventPendMulti                         0x0800348f   Thumb Code   760  os_core.o(.text)
    OS_TaskStatStkChk                        0x08003787   Thumb Code    54  os_core.o(.text)
    OS_TaskStat                              0x080037bd   Thumb Code   116  os_core.o(.text)
    OS_TaskIdle                              0x08003865   Thumb Code    34  os_core.o(.text)
    OS_MemClr                                0x080038bb   Thumb Code    18  os_core.o(.text)
    OSInit                                   0x080039e3   Thumb Code    56  os_core.o(.text)
    OSIntEnter                               0x08003a1b   Thumb Code    28  os_core.o(.text)
    OSIntExit                                0x08003a37   Thumb Code   258  os_core.o(.text)
    OSSchedLock                              0x08003b39   Thumb Code    50  os_core.o(.text)
    OSSchedUnlock                            0x08003b6b   Thumb Code    82  os_core.o(.text)
    OSStart                                  0x08003bbd   Thumb Code    48  os_core.o(.text)
    OSStatInit                               0x08003bed   Thumb Code    62  os_core.o(.text)
    OSTimeTick                               0x08003c2b   Thumb Code   210  os_core.o(.text)
    OSVersion                                0x08003cfd   Thumb Code     6  os_core.o(.text)
    OS_Dummy                                 0x08003d03   Thumb Code     2  os_core.o(.text)
    OS_EventTaskRemove                       0x08003d05   Thumb Code    42  os_core.o(.text)
    OS_EventTaskRdy                          0x08003d2f   Thumb Code   128  os_core.o(.text)
    OS_EventTaskWait                         0x08003daf   Thumb Code   112  os_core.o(.text)
    OS_EventWaitListInit                     0x08003e1f   Thumb Code    28  os_core.o(.text)
    OS_MemCopy                               0x08003e3b   Thumb Code    20  os_core.o(.text)
    OS_TCBInit                               0x08003e4f   Thumb Code   358  os_core.o(.text)
    OSFlagAccept                             0x08003fbd   Thumb Code   262  os_flag.o(.text)
    OSFlagCreate                             0x080040c3   Thumb Code    86  os_flag.o(.text)
    OS_FlagUnlink                            0x08004119   Thumb Code    36  os_flag.o(.text)
    OSFlagDel                                0x0800418f   Thumb Code   224  os_flag.o(.text)
    OSFlagNameGet                            0x0800426f   Thumb Code   100  os_flag.o(.text)
    OSFlagNameSet                            0x080042d3   Thumb Code    82  os_flag.o(.text)
    OSFlagPend                               0x080043bd   Thumb Code   626  os_flag.o(.text)
    OSFlagPendGetFlagsRdy                    0x0800462f   Thumb Code    26  os_flag.o(.text)
    OSFlagPost                               0x08004649   Thumb Code   322  os_flag.o(.text)
    OSFlagQuery                              0x0800478b   Thumb Code    58  os_flag.o(.text)
    OS_FlagInit                              0x080047c5   Thumb Code    78  os_flag.o(.text)
    OSMboxAccept                             0x08004821   Thumb Code    44  os_mbox.o(.text)
    OSMboxCreate                             0x0800484d   Thumb Code    72  os_mbox.o(.text)
    OSMboxDel                                0x08004895   Thumb Code   220  os_mbox.o(.text)
    OSMboxPend                               0x08004971   Thumb Code   262  os_mbox.o(.text)
    OSMboxPendAbort                          0x08004a77   Thumb Code   138  os_mbox.o(.text)
    OSMboxPost                               0x08004b01   Thumb Code    92  os_mbox.o(.text)
    OSMboxPostOpt                            0x08004b5d   Thumb Code   132  os_mbox.o(.text)
    OSMboxQuery                              0x08004be1   Thumb Code   108  os_mbox.o(.text)
    OSMemCreate                              0x08004c4d   Thumb Code   164  os_mem.o(.text)
    OSMemGet                                 0x08004cf1   Thumb Code    72  os_mem.o(.text)
    OSMemNameGet                             0x08004d39   Thumb Code    80  os_mem.o(.text)
    OSMemNameSet                             0x08004d89   Thumb Code    64  os_mem.o(.text)
    OSMemPut                                 0x08004dc9   Thumb Code    66  os_mem.o(.text)
    OSMemQuery                               0x08004e0b   Thumb Code    64  os_mem.o(.text)
    OS_MemInit                               0x08004e4b   Thumb Code    74  os_mem.o(.text)
    OSQAccept                                0x08004ea5   Thumb Code    98  os_q.o(.text)
    OSQCreate                                0x08004f07   Thumb Code   144  os_q.o(.text)
    OSQDel                                   0x08004f97   Thumb Code   254  os_q.o(.text)
    OSQFlush                                 0x08005095   Thumb Code    52  os_q.o(.text)
    OSQPend                                  0x080050c9   Thumb Code   288  os_q.o(.text)
    OSQPendAbort                             0x080051e9   Thumb Code   138  os_q.o(.text)
    OSQPost                                  0x08005273   Thumb Code   120  os_q.o(.text)
    OSQPostFront                             0x080052eb   Thumb Code   146  os_q.o(.text)
    OSQPostOpt                               0x0800537d   Thumb Code   188  os_q.o(.text)
    OSQQuery                                 0x08005439   Thumb Code   110  os_q.o(.text)
    OS_QInit                                 0x080054a7   Thumb Code    72  os_q.o(.text)
    OSSemAccept                              0x080054f9   Thumb Code    48  os_sem.o(.text)
    OSSemCreate                              0x08005529   Thumb Code    72  os_sem.o(.text)
    OSSemDel                                 0x08005571   Thumb Code   220  os_sem.o(.text)
    OSSemPend                                0x0800564d   Thumb Code   236  os_sem.o(.text)
    OSSemPendAbort                           0x08005739   Thumb Code   138  os_sem.o(.text)
    OSSemPost                                0x080057c3   Thumb Code    94  os_sem.o(.text)
    OSSemQuery                               0x08005821   Thumb Code    88  os_sem.o(.text)
    OSSemSet                                 0x08005879   Thumb Code    74  os_sem.o(.text)
    OSTaskChangePrio                         0x080058d9   Thumb Code   418  os_task.o(.text)
    OSTaskCreate                             0x08005a7b   Thumb Code   156  os_task.o(.text)
    OS_TaskStkClr                            0x08005b17   Thumb Code    26  os_task.o(.text)
    OSTaskCreateExt                          0x08005b31   Thumb Code   178  os_task.o(.text)
    OSTaskDel                                0x08005be3   Thumb Code   354  os_task.o(.text)
    OSTaskDelReq                             0x08005d45   Thumb Code   112  os_task.o(.text)
    OSTaskNameGet                            0x08005db5   Thumb Code   140  os_task.o(.text)
    OSTaskNameSet                            0x08005e41   Thumb Code   120  os_task.o(.text)
    OSTaskResume                             0x08005eb9   Thumb Code   162  os_task.o(.text)
    OSTaskStkChk                             0x08005f5b   Thumb Code   150  os_task.o(.text)
    OSTaskSuspend                            0x08005ff1   Thumb Code   172  os_task.o(.text)
    OSTaskQuery                              0x0800609d   Thumb Code   132  os_task.o(.text)
    OSTaskRegGet                             0x08006121   Thumb Code    86  os_task.o(.text)
    OSTaskRegSet                             0x08006177   Thumb Code    84  os_task.o(.text)
    OS_TaskReturn                            0x080061cb   Thumb Code    18  os_task.o(.text)
    OSTimeDly                                0x080061e5   Thumb Code   100  os_time.o(.text)
    OSTimeDlyHMSM                            0x08006249   Thumb Code   124  os_time.o(.text)
    OSTimeDlyResume                          0x080062c5   Thumb Code   168  os_time.o(.text)
    OSTimeGet                                0x0800636d   Thumb Code    24  os_time.o(.text)
    OSTimeSet                                0x08006385   Thumb Code    24  os_time.o(.text)
    OSTmrCreate                              0x080063eb   Thumb Code   142  os_tmr.o(.text)
    OSTmrDel                                 0x080064f1   Thumb Code   134  os_tmr.o(.text)
    OSTmrNameGet                             0x08006577   Thumb Code   134  os_tmr.o(.text)
    OSTmrRemainGet                           0x080065fd   Thumb Code   172  os_tmr.o(.text)
    OSTmrStateGet                            0x080066a9   Thumb Code    96  os_tmr.o(.text)
    OSTmrStart                               0x0800676d   Thumb Code   166  os_tmr.o(.text)
    OSTmrStop                                0x08006813   Thumb Code   190  os_tmr.o(.text)
    OSTmrSignal                              0x080068d1   Thumb Code    16  os_tmr.o(.text)
    OSTmr_Init                               0x08006985   Thumb Code   172  os_tmr.o(.text)
    OSTaskReturnHook                         0x08006a99   Thumb Code     2  os_apphooks.o(.text)
    App_TaskCreateHook                       0x08006a9b   Thumb Code     2  os_apphooks.o(.text)
    App_TaskDelHook                          0x08006a9d   Thumb Code     2  os_apphooks.o(.text)
    App_TaskIdleHook                         0x08006a9f   Thumb Code     2  os_apphooks.o(.text)
    App_TaskReturnHook                       0x08006aa1   Thumb Code     2  os_apphooks.o(.text)
    App_TaskStatHook                         0x08006aa3   Thumb Code     2  os_apphooks.o(.text)
    App_TaskSwHook                           0x08006aa5   Thumb Code     2  os_apphooks.o(.text)
    App_TCBInitHook                          0x08006aa7   Thumb Code     2  os_apphooks.o(.text)
    App_TimeTickHook                         0x08006aa9   Thumb Code     2  os_apphooks.o(.text)
    GPIO_DeInit                              0x08006aad   Thumb Code   220  stm32f4xx_gpio.o(.text)
    GPIO_Init                                0x08006b89   Thumb Code   144  stm32f4xx_gpio.o(.text)
    GPIO_StructInit                          0x08006c19   Thumb Code    18  stm32f4xx_gpio.o(.text)
    GPIO_PinLockConfig                       0x08006c2b   Thumb Code    34  stm32f4xx_gpio.o(.text)
    GPIO_ReadInputDataBit                    0x08006c4d   Thumb Code    18  stm32f4xx_gpio.o(.text)
    GPIO_ReadInputData                       0x08006c5f   Thumb Code     8  stm32f4xx_gpio.o(.text)
    GPIO_ReadOutputDataBit                   0x08006c67   Thumb Code    18  stm32f4xx_gpio.o(.text)
    GPIO_ReadOutputData                      0x08006c79   Thumb Code     8  stm32f4xx_gpio.o(.text)
    GPIO_SetBits                             0x08006c81   Thumb Code     4  stm32f4xx_gpio.o(.text)
    GPIO_ResetBits                           0x08006c85   Thumb Code     4  stm32f4xx_gpio.o(.text)
    GPIO_WriteBit                            0x08006c89   Thumb Code    10  stm32f4xx_gpio.o(.text)
    GPIO_Write                               0x08006c93   Thumb Code     4  stm32f4xx_gpio.o(.text)
    GPIO_ToggleBits                          0x08006c97   Thumb Code     8  stm32f4xx_gpio.o(.text)
    GPIO_PinAFConfig                         0x08006c9f   Thumb Code    70  stm32f4xx_gpio.o(.text)
    RCC_DeInit                               0x08006d09   Thumb Code    60  stm32f4xx_rcc.o(.text)
    RCC_HSEConfig                            0x08006d45   Thumb Code    14  stm32f4xx_rcc.o(.text)
    RCC_GetFlagStatus                        0x08006d53   Thumb Code    60  stm32f4xx_rcc.o(.text)
    RCC_WaitForHSEStartUp                    0x08006d8f   Thumb Code    56  stm32f4xx_rcc.o(.text)
    RCC_AdjustHSICalibrationValue            0x08006dc7   Thumb Code    20  stm32f4xx_rcc.o(.text)
    RCC_HSICmd                               0x08006ddb   Thumb Code     6  stm32f4xx_rcc.o(.text)
    RCC_LSEConfig                            0x08006de1   Thumb Code    46  stm32f4xx_rcc.o(.text)
    RCC_LSICmd                               0x08006e0f   Thumb Code     6  stm32f4xx_rcc.o(.text)
    RCC_PLLConfig                            0x08006e15   Thumb Code    32  stm32f4xx_rcc.o(.text)
    RCC_PLLCmd                               0x08006e35   Thumb Code     6  stm32f4xx_rcc.o(.text)
    RCC_PLLI2SConfig                         0x08006e3b   Thumb Code    14  stm32f4xx_rcc.o(.text)
    RCC_PLLI2SCmd                            0x08006e49   Thumb Code     6  stm32f4xx_rcc.o(.text)
    RCC_ClockSecuritySystemCmd               0x08006e4f   Thumb Code     6  stm32f4xx_rcc.o(.text)
    RCC_MCO1Config                           0x08006e55   Thumb Code    28  stm32f4xx_rcc.o(.text)
    RCC_MCO2Config                           0x08006e71   Thumb Code    28  stm32f4xx_rcc.o(.text)
    RCC_SYSCLKConfig                         0x08006e8d   Thumb Code    20  stm32f4xx_rcc.o(.text)
    RCC_GetSYSCLKSource                      0x08006ea1   Thumb Code    12  stm32f4xx_rcc.o(.text)
    RCC_HCLKConfig                           0x08006ead   Thumb Code    20  stm32f4xx_rcc.o(.text)
    RCC_PCLK1Config                          0x08006ec1   Thumb Code    20  stm32f4xx_rcc.o(.text)
    RCC_PCLK2Config                          0x08006ed5   Thumb Code    22  stm32f4xx_rcc.o(.text)
    RCC_GetClocksFreq                        0x08006eeb   Thumb Code   222  stm32f4xx_rcc.o(.text)
    RCC_RTCCLKConfig                         0x08006fc9   Thumb Code    54  stm32f4xx_rcc.o(.text)
    RCC_RTCCLKCmd                            0x08006fff   Thumb Code     8  stm32f4xx_rcc.o(.text)
    RCC_BackupResetCmd                       0x08007007   Thumb Code     8  stm32f4xx_rcc.o(.text)
    RCC_I2SCLKConfig                         0x0800700f   Thumb Code     6  stm32f4xx_rcc.o(.text)
    RCC_AHB1PeriphClockCmd                   0x08007015   Thumb Code    34  stm32f4xx_rcc.o(.text)
    RCC_AHB2PeriphClockCmd                   0x08007037   Thumb Code    34  stm32f4xx_rcc.o(.text)
    RCC_AHB3PeriphClockCmd                   0x08007059   Thumb Code    34  stm32f4xx_rcc.o(.text)
    RCC_APB1PeriphClockCmd                   0x0800707b   Thumb Code    34  stm32f4xx_rcc.o(.text)
    RCC_APB2PeriphClockCmd                   0x0800709d   Thumb Code    34  stm32f4xx_rcc.o(.text)
    RCC_AHB1PeriphResetCmd                   0x080070bf   Thumb Code    34  stm32f4xx_rcc.o(.text)
    RCC_AHB2PeriphResetCmd                   0x080070e1   Thumb Code    72  stm32f4xx_rcc.o(.text)
    RCC_AHB3PeriphResetCmd                   0x08007129   Thumb Code    34  stm32f4xx_rcc.o(.text)
    RCC_APB1PeriphResetCmd                   0x0800714b   Thumb Code    34  stm32f4xx_rcc.o(.text)
    RCC_APB2PeriphResetCmd                   0x0800716d   Thumb Code    34  stm32f4xx_rcc.o(.text)
    RCC_AHB1PeriphClockLPModeCmd             0x0800718f   Thumb Code    34  stm32f4xx_rcc.o(.text)
    RCC_AHB2PeriphClockLPModeCmd             0x080071b1   Thumb Code    34  stm32f4xx_rcc.o(.text)
    RCC_AHB3PeriphClockLPModeCmd             0x080071d3   Thumb Code    34  stm32f4xx_rcc.o(.text)
    RCC_APB1PeriphClockLPModeCmd             0x080071f5   Thumb Code    34  stm32f4xx_rcc.o(.text)
    RCC_APB2PeriphClockLPModeCmd             0x08007217   Thumb Code    34  stm32f4xx_rcc.o(.text)
    RCC_ITConfig                             0x08007239   Thumb Code    34  stm32f4xx_rcc.o(.text)
    RCC_ClearFlag                            0x0800725b   Thumb Code    18  stm32f4xx_rcc.o(.text)
    RCC_GetITStatus                          0x0800726d   Thumb Code    22  stm32f4xx_rcc.o(.text)
    RCC_ClearITPendingBit                    0x08007283   Thumb Code     8  stm32f4xx_rcc.o(.text)
    NVIC_PriorityGroupConfig                 0x08007291   Thumb Code    10  misc.o(.text)
    NVIC_Init                                0x0800729b   Thumb Code   106  misc.o(.text)
    NVIC_SetVectorTable                      0x08007305   Thumb Code    14  misc.o(.text)
    NVIC_SystemLPConfig                      0x08007313   Thumb Code    34  misc.o(.text)
    SysTick_CLKSourceConfig                  0x08007335   Thumb Code    40  misc.o(.text)
    TIM_DeInit                               0x08007371   Thumb Code   346  stm32f4xx_tim.o(.text)
    TIM_TimeBaseInit                         0x080074cb   Thumb Code   104  stm32f4xx_tim.o(.text)
    TIM_TimeBaseStructInit                   0x08007533   Thumb Code    18  stm32f4xx_tim.o(.text)
    TIM_PrescalerConfig                      0x08007545   Thumb Code     6  stm32f4xx_tim.o(.text)
    TIM_CounterModeConfig                    0x0800754b   Thumb Code    18  stm32f4xx_tim.o(.text)
    TIM_SetCounter                           0x0800755d   Thumb Code     4  stm32f4xx_tim.o(.text)
    TIM_SetAutoreload                        0x08007561   Thumb Code     4  stm32f4xx_tim.o(.text)
    TIM_GetCounter                           0x08007565   Thumb Code     6  stm32f4xx_tim.o(.text)
    TIM_GetPrescaler                         0x0800756b   Thumb Code     6  stm32f4xx_tim.o(.text)
    TIM_UpdateDisableConfig                  0x08007571   Thumb Code    24  stm32f4xx_tim.o(.text)
    TIM_UpdateRequestConfig                  0x08007589   Thumb Code    24  stm32f4xx_tim.o(.text)
    TIM_ARRPreloadConfig                     0x080075a1   Thumb Code    24  stm32f4xx_tim.o(.text)
    TIM_SelectOnePulseMode                   0x080075b9   Thumb Code    18  stm32f4xx_tim.o(.text)
    TIM_SetClockDivision                     0x080075cb   Thumb Code    18  stm32f4xx_tim.o(.text)
    TIM_Cmd                                  0x080075dd   Thumb Code    24  stm32f4xx_tim.o(.text)
    TIM_OC1Init                              0x080075f5   Thumb Code   114  stm32f4xx_tim.o(.text)
    TIM_OC2Init                              0x08007667   Thumb Code   154  stm32f4xx_tim.o(.text)
    TIM_OC3Init                              0x08007701   Thumb Code   204  stm32f4xx_tim.o(.text)
    TIM_OC4Init                              0x080077cd   Thumb Code   112  stm32f4xx_tim.o(.text)
    TIM_OCStructInit                         0x0800783d   Thumb Code    20  stm32f4xx_tim.o(.text)
    TIM_SelectOCxM                           0x08007851   Thumb Code    86  stm32f4xx_tim.o(.text)
    TIM_SetCompare1                          0x080078a7   Thumb Code     4  stm32f4xx_tim.o(.text)
    TIM_SetCompare2                          0x080078ab   Thumb Code     4  stm32f4xx_tim.o(.text)
    TIM_SetCompare3                          0x080078af   Thumb Code     4  stm32f4xx_tim.o(.text)
    TIM_SetCompare4                          0x080078b3   Thumb Code     4  stm32f4xx_tim.o(.text)
    TIM_ForcedOC1Config                      0x080078b7   Thumb Code    18  stm32f4xx_tim.o(.text)
    TIM_ForcedOC2Config                      0x080078c9   Thumb Code    26  stm32f4xx_tim.o(.text)
    TIM_ForcedOC3Config                      0x080078e3   Thumb Code    18  stm32f4xx_tim.o(.text)
    TIM_ForcedOC4Config                      0x080078f5   Thumb Code    26  stm32f4xx_tim.o(.text)
    TIM_OC1PreloadConfig                     0x0800790f   Thumb Code    18  stm32f4xx_tim.o(.text)
    TIM_OC2PreloadConfig                     0x08007921   Thumb Code    26  stm32f4xx_tim.o(.text)
    TIM_OC3PreloadConfig                     0x0800793b   Thumb Code    18  stm32f4xx_tim.o(.text)
    TIM_OC4PreloadConfig                     0x0800794d   Thumb Code    26  stm32f4xx_tim.o(.text)
    TIM_OC1FastConfig                        0x08007967   Thumb Code    18  stm32f4xx_tim.o(.text)
    TIM_OC2FastConfig                        0x08007979   Thumb Code    26  stm32f4xx_tim.o(.text)
    TIM_OC3FastConfig                        0x08007993   Thumb Code    18  stm32f4xx_tim.o(.text)
    TIM_OC4FastConfig                        0x080079a5   Thumb Code    26  stm32f4xx_tim.o(.text)
    TIM_ClearOC1Ref                          0x080079bf   Thumb Code    18  stm32f4xx_tim.o(.text)
    TIM_ClearOC2Ref                          0x080079d1   Thumb Code    24  stm32f4xx_tim.o(.text)
    TIM_ClearOC3Ref                          0x080079e9   Thumb Code    18  stm32f4xx_tim.o(.text)
    TIM_ClearOC4Ref                          0x080079fb   Thumb Code    24  stm32f4xx_tim.o(.text)
    TIM_OC1PolarityConfig                    0x08007a13   Thumb Code    18  stm32f4xx_tim.o(.text)
    TIM_OC1NPolarityConfig                   0x08007a25   Thumb Code    18  stm32f4xx_tim.o(.text)
    TIM_OC2PolarityConfig                    0x08007a37   Thumb Code    26  stm32f4xx_tim.o(.text)
    TIM_OC2NPolarityConfig                   0x08007a51   Thumb Code    26  stm32f4xx_tim.o(.text)
    TIM_OC3PolarityConfig                    0x08007a6b   Thumb Code    26  stm32f4xx_tim.o(.text)
    TIM_OC3NPolarityConfig                   0x08007a85   Thumb Code    26  stm32f4xx_tim.o(.text)
    TIM_OC4PolarityConfig                    0x08007a9f   Thumb Code    26  stm32f4xx_tim.o(.text)
    TIM_CCxCmd                               0x08007ab9   Thumb Code    30  stm32f4xx_tim.o(.text)
    TIM_CCxNCmd                              0x08007ad7   Thumb Code    30  stm32f4xx_tim.o(.text)
    TIM_SetIC4Prescaler                      0x08007af5   Thumb Code    26  stm32f4xx_tim.o(.text)
    TIM_SetIC3Prescaler                      0x08007b5f   Thumb Code    18  stm32f4xx_tim.o(.text)
    TIM_SetIC2Prescaler                      0x08007bb9   Thumb Code    26  stm32f4xx_tim.o(.text)
    TIM_SetIC1Prescaler                      0x08007c2d   Thumb Code    18  stm32f4xx_tim.o(.text)
    TIM_ICInit                               0x08007c79   Thumb Code   110  stm32f4xx_tim.o(.text)
    TIM_ICStructInit                         0x08007ce7   Thumb Code    18  stm32f4xx_tim.o(.text)
    TIM_PWMIConfig                           0x08007cf9   Thumb Code   124  stm32f4xx_tim.o(.text)
    TIM_GetCapture1                          0x08007d75   Thumb Code     6  stm32f4xx_tim.o(.text)
    TIM_GetCapture2                          0x08007d7b   Thumb Code     6  stm32f4xx_tim.o(.text)
    TIM_GetCapture3                          0x08007d81   Thumb Code     6  stm32f4xx_tim.o(.text)
    TIM_GetCapture4                          0x08007d87   Thumb Code     6  stm32f4xx_tim.o(.text)
    TIM_BDTRConfig                           0x08007d8d   Thumb Code    32  stm32f4xx_tim.o(.text)
    TIM_BDTRStructInit                       0x08007dad   Thumb Code    18  stm32f4xx_tim.o(.text)
    TIM_CtrlPWMOutputs                       0x08007dbf   Thumb Code    30  stm32f4xx_tim.o(.text)
    TIM_SelectCOM                            0x08007ddd   Thumb Code    24  stm32f4xx_tim.o(.text)
    TIM_CCPreloadControl                     0x08007df5   Thumb Code    24  stm32f4xx_tim.o(.text)
    TIM_ITConfig                             0x08007e0d   Thumb Code    18  stm32f4xx_tim.o(.text)
    TIM_GenerateEvent                        0x08007e1f   Thumb Code     4  stm32f4xx_tim.o(.text)
    TIM_GetFlagStatus                        0x08007e23   Thumb Code    18  stm32f4xx_tim.o(.text)
    TIM_ClearFlag                            0x08007e35   Thumb Code     6  stm32f4xx_tim.o(.text)
    TIM_GetITStatus                          0x08007e3b   Thumb Code    34  stm32f4xx_tim.o(.text)
    TIM_ClearITPendingBit                    0x08007e5d   Thumb Code     6  stm32f4xx_tim.o(.text)
    TIM_DMAConfig                            0x08007e63   Thumb Code    10  stm32f4xx_tim.o(.text)
    TIM_DMACmd                               0x08007e6d   Thumb Code    18  stm32f4xx_tim.o(.text)
    TIM_SelectCCDMA                          0x08007e7f   Thumb Code    24  stm32f4xx_tim.o(.text)
    TIM_InternalClockConfig                  0x08007e97   Thumb Code    12  stm32f4xx_tim.o(.text)
    TIM_SelectInputTrigger                   0x08007ea3   Thumb Code    18  stm32f4xx_tim.o(.text)
    TIM_ITRxExternalClockConfig              0x08007eb5   Thumb Code    24  stm32f4xx_tim.o(.text)
    TIM_TIxExternalClockConfig               0x08007ecd   Thumb Code    62  stm32f4xx_tim.o(.text)
    TIM_ETRConfig                            0x08007f0b   Thumb Code    28  stm32f4xx_tim.o(.text)
    TIM_ETRClockMode1Config                  0x08007f27   Thumb Code    54  stm32f4xx_tim.o(.text)
    TIM_ETRClockMode2Config                  0x08007f5d   Thumb Code    32  stm32f4xx_tim.o(.text)
    TIM_SelectOutputTrigger                  0x08007f7d   Thumb Code    18  stm32f4xx_tim.o(.text)
    TIM_SelectSlaveMode                      0x08007f8f   Thumb Code    18  stm32f4xx_tim.o(.text)
    TIM_SelectMasterSlaveMode                0x08007fa1   Thumb Code    18  stm32f4xx_tim.o(.text)
    TIM_EncoderInterfaceConfig               0x08007fb3   Thumb Code    66  stm32f4xx_tim.o(.text)
    TIM_SelectHallSensor                     0x08007ff5   Thumb Code    24  stm32f4xx_tim.o(.text)
    TIM_RemapConfig                          0x0800800d   Thumb Code     6  stm32f4xx_tim.o(.text)
    USART_DeInit                             0x08008015   Thumb Code   156  stm32f4xx_usart.o(.text)
    USART_Init                               0x080080b1   Thumb Code   204  stm32f4xx_usart.o(.text)
    USART_StructInit                         0x0800817d   Thumb Code    24  stm32f4xx_usart.o(.text)
    USART_ClockInit                          0x08008195   Thumb Code    32  stm32f4xx_usart.o(.text)
    USART_ClockStructInit                    0x080081b5   Thumb Code    12  stm32f4xx_usart.o(.text)
    USART_Cmd                                0x080081c1   Thumb Code    24  stm32f4xx_usart.o(.text)
    USART_SetPrescaler                       0x080081d9   Thumb Code    16  stm32f4xx_usart.o(.text)
    USART_OverSampling8Cmd                   0x080081e9   Thumb Code    22  stm32f4xx_usart.o(.text)
    USART_OneBitMethodCmd                    0x080081ff   Thumb Code    24  stm32f4xx_usart.o(.text)
    USART_ClearFlag                          0x08008217   Thumb Code    18  stm32f4xx_usart.o(.text)
    USART_GetFlagStatus                      0x08008229   Thumb Code    26  stm32f4xx_usart.o(.text)
    USART_SendData                           0x08008243   Thumb Code    44  stm32f4xx_usart.o(.text)
    USART_ReceiveData                        0x0800826f   Thumb Code    10  stm32f4xx_usart.o(.text)
    USART_SetAddress                         0x08008279   Thumb Code    18  stm32f4xx_usart.o(.text)
    USART_ReceiverWakeUpCmd                  0x0800828b   Thumb Code    24  stm32f4xx_usart.o(.text)
    USART_WakeUpConfig                       0x080082a3   Thumb Code    18  stm32f4xx_usart.o(.text)
    USART_LINBreakDetectLengthConfig         0x080082b5   Thumb Code    18  stm32f4xx_usart.o(.text)
    USART_LINCmd                             0x080082c7   Thumb Code    24  stm32f4xx_usart.o(.text)
    USART_SendBreak                          0x080082df   Thumb Code    10  stm32f4xx_usart.o(.text)
    USART_HalfDuplexCmd                      0x080082e9   Thumb Code    24  stm32f4xx_usart.o(.text)
    USART_SetGuardTime                       0x08008301   Thumb Code    16  stm32f4xx_usart.o(.text)
    USART_SmartCardCmd                       0x08008311   Thumb Code    24  stm32f4xx_usart.o(.text)
    USART_SmartCardNACKCmd                   0x08008329   Thumb Code    24  stm32f4xx_usart.o(.text)
    USART_IrDAConfig                         0x08008341   Thumb Code    18  stm32f4xx_usart.o(.text)
    USART_IrDACmd                            0x08008353   Thumb Code    24  stm32f4xx_usart.o(.text)
    USART_DMACmd                             0x0800836b   Thumb Code    18  stm32f4xx_usart.o(.text)
    USART_ITConfig                           0x0800837d   Thumb Code    74  stm32f4xx_usart.o(.text)
    USART_GetITStatus                        0x080083c7   Thumb Code   110  stm32f4xx_usart.o(.text)
    USART_ClearITPendingBit                  0x08008435   Thumb Code    30  stm32f4xx_usart.o(.text)
    CAN_DeInit                               0x08008455   Thumb Code    50  stm32f4xx_can.o(.text)
    CAN_Init                                 0x08008487   Thumb Code   276  stm32f4xx_can.o(.text)
    CAN_FilterInit                           0x0800859b   Thumb Code   258  stm32f4xx_can.o(.text)
    CAN_StructInit                           0x0800869d   Thumb Code    32  stm32f4xx_can.o(.text)
    CAN_SlaveStartBank                       0x080086bd   Thumb Code    48  stm32f4xx_can.o(.text)
    CAN_DBGFreeze                            0x080086ed   Thumb Code    22  stm32f4xx_can.o(.text)
    CAN_TTComModeCmd                         0x08008703   Thumb Code   118  stm32f4xx_can.o(.text)
    CAN_Transmit                             0x08008779   Thumb Code   304  stm32f4xx_can.o(.text)
    CAN_TransmitStatus                       0x080088a9   Thumb Code   138  stm32f4xx_can.o(.text)
    CAN_CancelTransmit                       0x08008933   Thumb Code    48  stm32f4xx_can.o(.text)
    CAN_Receive                              0x08008963   Thumb Code   240  stm32f4xx_can.o(.text)
    CAN_FIFORelease                          0x08008a53   Thumb Code    22  stm32f4xx_can.o(.text)
    CAN_MessagePending                       0x08008a69   Thumb Code    30  stm32f4xx_can.o(.text)
    CAN_OperatingModeRequest                 0x08008a87   Thumb Code   162  stm32f4xx_can.o(.text)
    CAN_Sleep                                0x08008b29   Thumb Code    30  stm32f4xx_can.o(.text)
    CAN_WakeUp                               0x08008b47   Thumb Code    48  stm32f4xx_can.o(.text)
    CAN_GetLastErrorCode                     0x08008b77   Thumb Code    12  stm32f4xx_can.o(.text)
    CAN_GetReceiveErrorCounter               0x08008b83   Thumb Code    10  stm32f4xx_can.o(.text)
    CAN_GetLSBTransmitErrorCounter           0x08008b8d   Thumb Code    12  stm32f4xx_can.o(.text)
    CAN_ITConfig                             0x08008b99   Thumb Code    18  stm32f4xx_can.o(.text)
    CAN_GetFlagStatus                        0x08008bab   Thumb Code   120  stm32f4xx_can.o(.text)
    CAN_ClearFlag                            0x08008c23   Thumb Code    52  stm32f4xx_can.o(.text)
    CAN_GetITStatus                          0x08008c69   Thumb Code   310  stm32f4xx_can.o(.text)
    CAN_ClearITPendingBit                    0x08008d9f   Thumb Code   162  stm32f4xx_can.o(.text)
    __aeabi_memcpy4                          0x08008e45   Thumb Code     0  rt_memcpy_w.o(.text)
    __aeabi_memcpy8                          0x08008e45   Thumb Code     0  rt_memcpy_w.o(.text)
    __rt_memcpy_w                            0x08008e45   Thumb Code   100  rt_memcpy_w.o(.text)
    _memcpy_lastbytes_aligned                0x08008e8d   Thumb Code     0  rt_memcpy_w.o(.text)
    __use_two_region_memory                  0x08008ea9   Thumb Code     2  heapauxi.o(.text)
    __rt_heap_escrow$2region                 0x08008eab   Thumb Code     2  heapauxi.o(.text)
    __rt_heap_expand$2region                 0x08008ead   Thumb Code     2  heapauxi.o(.text)
    __user_setup_stackheap                   0x08008eaf   Thumb Code    74  sys_stackheap_outer.o(.text)
    exit                                     0x08008ef9   Thumb Code    12  exit.o(.text)
    __user_libspace                          0x08008f05   Thumb Code     8  libspace.o(.text)
    __user_perproc_libspace                  0x08008f05   Thumb Code     0  libspace.o(.text)
    __user_perthread_libspace                0x08008f05   Thumb Code     0  libspace.o(.text)
    _sys_exit                                0x08008f0d   Thumb Code     8  sys_exit.o(.text)
    __I$use$semihosting                      0x08008f19   Thumb Code     0  use_no_semi.o(.text)
    __use_no_semihosting_swi                 0x08008f19   Thumb Code     2  use_no_semi.o(.text)
    __semihosting_library_function           0x08008f1b   Thumb Code     0  indicate_semi.o(.text)
    __aeabi_d2f                              0x08008f1d   Thumb Code     0  d2f.o(x$fpl$d2f)
    _d2f                                     0x08008f1d   Thumb Code    98  d2f.o(x$fpl$d2f)
    __aeabi_dadd                             0x08008f81   Thumb Code     0  daddsub_clz.o(x$fpl$dadd)
    _dadd                                    0x08008f81   Thumb Code   332  daddsub_clz.o(x$fpl$dadd)
    __fpl_dcmp_Inf                           0x080090d1   Thumb Code    24  dcmpi.o(x$fpl$dcmpinf)
    __aeabi_d2iz                             0x080090e9   Thumb Code     0  dfix.o(x$fpl$dfix)
    _dfix                                    0x080090e9   Thumb Code    94  dfix.o(x$fpl$dfix)
    __aeabi_i2d                              0x08009147   Thumb Code     0  dflt_clz.o(x$fpl$dflt)
    _dflt                                    0x08009147   Thumb Code    46  dflt_clz.o(x$fpl$dflt)
    __aeabi_cdcmple                          0x08009175   Thumb Code     0  dleqf.o(x$fpl$dleqf)
    _dcmple                                  0x08009175   Thumb Code   120  dleqf.o(x$fpl$dleqf)
    __fpl_dcmple_InfNaN                      0x080091d7   Thumb Code     0  dleqf.o(x$fpl$dleqf)
    __aeabi_dmul                             0x080091ed   Thumb Code     0  dmul.o(x$fpl$dmul)
    _dmul                                    0x080091ed   Thumb Code   332  dmul.o(x$fpl$dmul)
    __fpl_dnaninf                            0x08009341   Thumb Code   156  dnaninf.o(x$fpl$dnaninf)
    __fpl_dretinf                            0x080093dd   Thumb Code    12  dretinf.o(x$fpl$dretinf)
    __aeabi_cdrcmple                         0x080093e9   Thumb Code     0  drleqf.o(x$fpl$drleqf)
    _drcmple                                 0x080093e9   Thumb Code   108  drleqf.o(x$fpl$drleqf)
    __aeabi_dsub                             0x08009455   Thumb Code     0  daddsub_clz.o(x$fpl$dsub)
    _dsub                                    0x08009455   Thumb Code   464  daddsub_clz.o(x$fpl$dsub)
    __aeabi_f2d                              0x08009629   Thumb Code     0  f2d.o(x$fpl$f2d)
    _f2d                                     0x08009629   Thumb Code    86  f2d.o(x$fpl$f2d)
    __fpl_fcmp_Inf                           0x0800967f   Thumb Code    24  fcmpi.o(x$fpl$fcmpinf)
    __aeabi_f2iz                             0x08009699   Thumb Code     0  ffix.o(x$fpl$ffix)
    _ffix                                    0x08009699   Thumb Code    54  ffix.o(x$fpl$ffix)
    __aeabi_i2f                              0x080096d1   Thumb Code     0  fflt_clz.o(x$fpl$fflt)
    _fflt                                    0x080096d1   Thumb Code    48  fflt_clz.o(x$fpl$fflt)
    __aeabi_cfcmple                          0x08009701   Thumb Code     0  fleqf.o(x$fpl$fleqf)
    _fcmple                                  0x08009701   Thumb Code   104  fleqf.o(x$fpl$fleqf)
    __fpl_fcmple_InfNaN                      0x08009753   Thumb Code     0  fleqf.o(x$fpl$fleqf)
    __aeabi_fmul                             0x08009769   Thumb Code     0  fmul.o(x$fpl$fmul)
    _fmul                                    0x08009769   Thumb Code   258  fmul.o(x$fpl$fmul)
    __fpl_fnaninf                            0x0800986b   Thumb Code   140  fnaninf.o(x$fpl$fnaninf)
    __fpl_fretinf                            0x080098f7   Thumb Code    10  fretinf.o(x$fpl$fretinf)
    __I$use$fp                               0x08009900   Number         0  usenofp.o(x$fpl$usenofp)
    OSDebugEn                                0x08009a00   Data           2  os_dbg.o(.constdata)
    OSEndiannessTest                         0x08009a04   Data           4  os_dbg.o(.constdata)
    OSEventEn                                0x08009a08   Data           2  os_dbg.o(.constdata)
    OSEventMax                               0x08009a0a   Data           2  os_dbg.o(.constdata)
    OSEventNameEn                            0x08009a0c   Data           2  os_dbg.o(.constdata)
    OSEventSize                              0x08009a0e   Data           2  os_dbg.o(.constdata)
    OSEventTblSize                           0x08009a10   Data           2  os_dbg.o(.constdata)
    OSEventMultiEn                           0x08009a12   Data           2  os_dbg.o(.constdata)
    OSFlagEn                                 0x08009a14   Data           2  os_dbg.o(.constdata)
    OSFlagGrpSize                            0x08009a16   Data           2  os_dbg.o(.constdata)
    OSFlagNodeSize                           0x08009a18   Data           2  os_dbg.o(.constdata)
    OSFlagWidth                              0x08009a1a   Data           2  os_dbg.o(.constdata)
    OSFlagMax                                0x08009a1c   Data           2  os_dbg.o(.constdata)
    OSFlagNameEn                             0x08009a1e   Data           2  os_dbg.o(.constdata)
    OSLowestPrio                             0x08009a20   Data           2  os_dbg.o(.constdata)
    OSMboxEn                                 0x08009a22   Data           2  os_dbg.o(.constdata)
    OSMemEn                                  0x08009a24   Data           2  os_dbg.o(.constdata)
    OSMemMax                                 0x08009a26   Data           2  os_dbg.o(.constdata)
    OSMemNameEn                              0x08009a28   Data           2  os_dbg.o(.constdata)
    OSMemSize                                0x08009a2a   Data           2  os_dbg.o(.constdata)
    OSMemTblSize                             0x08009a2c   Data           2  os_dbg.o(.constdata)
    OSMutexEn                                0x08009a2e   Data           2  os_dbg.o(.constdata)
    OSPtrSize                                0x08009a30   Data           2  os_dbg.o(.constdata)
    OSQEn                                    0x08009a32   Data           2  os_dbg.o(.constdata)
    OSQMax                                   0x08009a34   Data           2  os_dbg.o(.constdata)
    OSQSize                                  0x08009a36   Data           2  os_dbg.o(.constdata)
    OSRdyTblSize                             0x08009a38   Data           2  os_dbg.o(.constdata)
    OSSemEn                                  0x08009a3a   Data           2  os_dbg.o(.constdata)
    OSStkWidth                               0x08009a3c   Data           2  os_dbg.o(.constdata)
    OSTaskCreateEn                           0x08009a3e   Data           2  os_dbg.o(.constdata)
    OSTaskCreateExtEn                        0x08009a40   Data           2  os_dbg.o(.constdata)
    OSTaskDelEn                              0x08009a42   Data           2  os_dbg.o(.constdata)
    OSTaskIdleStkSize                        0x08009a44   Data           2  os_dbg.o(.constdata)
    OSTaskProfileEn                          0x08009a46   Data           2  os_dbg.o(.constdata)
    OSTaskMax                                0x08009a48   Data           2  os_dbg.o(.constdata)
    OSTaskNameEn                             0x08009a4a   Data           2  os_dbg.o(.constdata)
    OSTaskStatEn                             0x08009a4c   Data           2  os_dbg.o(.constdata)
    OSTaskStatStkSize                        0x08009a4e   Data           2  os_dbg.o(.constdata)
    OSTaskStatStkChkEn                       0x08009a50   Data           2  os_dbg.o(.constdata)
    OSTaskSwHookEn                           0x08009a52   Data           2  os_dbg.o(.constdata)
    OSTaskRegTblSize                         0x08009a54   Data           2  os_dbg.o(.constdata)
    OSTCBPrioTblMax                          0x08009a56   Data           2  os_dbg.o(.constdata)
    OSTCBSize                                0x08009a58   Data           2  os_dbg.o(.constdata)
    OSTicksPerSec                            0x08009a5a   Data           2  os_dbg.o(.constdata)
    OSTimeTickHookEn                         0x08009a5c   Data           2  os_dbg.o(.constdata)
    OSVersionNbr                             0x08009a5e   Data           2  os_dbg.o(.constdata)
    OSTmrEn                                  0x08009a60   Data           2  os_dbg.o(.constdata)
    OSTmrCfgMax                              0x08009a62   Data           2  os_dbg.o(.constdata)
    OSTmrCfgNameEn                           0x08009a64   Data           2  os_dbg.o(.constdata)
    OSTmrCfgWheelSize                        0x08009a66   Data           2  os_dbg.o(.constdata)
    OSTmrCfgTicksPerSec                      0x08009a68   Data           2  os_dbg.o(.constdata)
    OSTmrSize                                0x08009a6a   Data           2  os_dbg.o(.constdata)
    OSTmrTblSize                             0x08009a6c   Data           2  os_dbg.o(.constdata)
    OSTmrWheelSize                           0x08009a6e   Data           2  os_dbg.o(.constdata)
    OSTmrWheelTblSize                        0x08009a70   Data           2  os_dbg.o(.constdata)
    OSDataSize                               0x08009a72   Data           2  os_dbg.o(.constdata)
    OSUnMapTbl                               0x08009a74   Data         256  os_core.o(.constdata)
    Region$$Table$$Base                      0x08009b74   Number         0  anon$$obj.o(Region$$Table)
    Region$$Table$$Limit                     0x08009b94   Number         0  anon$$obj.o(Region$$Table)
    Aim_x                                    0x20000000   Data           8  task.o(.data)
    Aim_y                                    0x20000008   Data           8  task.o(.data)
    PeriodSem                                0x20000010   Data           4  task.o(.data)
    BeforePlayTaskSem                        0x20000014   Data           4  task.o(.data)
    SysTickSem                               0x20000018   Data           4  task.o(.data)
    GoHome_DealerrSem                        0x2000001c   Data           4  task.o(.data)
    DEBUGkSem                                0x20000020   Data           4  task.o(.data)
    ChooseBat_Box                            0x20000024   Data           4  task.o(.data)
    free_dma_buffer                          0x20000030   Data           1  stm32f4xx_it.o(.data)
    motor_ready                              0x20000031   Data           1  stm32f4xx_it.o(.data)
    flag                                     0x20000032   Data           1  stm32f4xx_it.o(.data)
    sdo_error                                0x20000038   Data           1  action_driver.o(.data)
    Speed_Value                              0x2000003c   Data           4  action_driver.o(.data)
    Current_Value                            0x20000040   Data           4  action_driver.o(.data)
    RelativePosition_Value                   0x20000044   Data           4  action_driver.o(.data)
    AbsolutePosition_Value                   0x20000048   Data           4  action_driver.o(.data)
    cmdVel                                   0x20000078   Data           4  data.o(.data)
    input                                    0x2000007c   Data           1  data.o(.data)
    SystemCoreClock                          0x20000080   Data           4  system_stm32f4xx.o(.data)
    AHBPrescTable                            0x20000084   Data          16  system_stm32f4xx.o(.data)
    OS_CPU_ExceptStkBase                     0x20000094   Data           4  os_cpu_c.o(.data)
    OSCtxSwCtr                               0x2000009c   Data           4  os_core.o(.data)
    OSEventFreeList                          0x200000a0   Data           4  os_core.o(.data)
    OSFlagFreeList                           0x200000a4   Data           4  os_core.o(.data)
    OSCPUUsage                               0x200000a8   Data           1  os_core.o(.data)
    OSIdleCtrMax                             0x200000ac   Data           4  os_core.o(.data)
    OSIdleCtrRun                             0x200000b0   Data           4  os_core.o(.data)
    OSStatRdy                                0x200000b4   Data           1  os_core.o(.data)
    OSIntNesting                             0x200000b5   Data           1  os_core.o(.data)
    OSLockNesting                            0x200000b6   Data           1  os_core.o(.data)
    OSPrioCur                                0x200000b7   Data           1  os_core.o(.data)
    OSPrioHighRdy                            0x200000b8   Data           1  os_core.o(.data)
    OSRdyGrp                                 0x200000b9   Data           1  os_core.o(.data)
    OSRdyTbl                                 0x200000ba   Data           8  os_core.o(.data)
    OSRunning                                0x200000c2   Data           1  os_core.o(.data)
    OSTaskCtr                                0x200000c3   Data           1  os_core.o(.data)
    OSIdleCtr                                0x200000c4   Data           4  os_core.o(.data)
    OSTCBCur                                 0x200000c8   Data           4  os_core.o(.data)
    OSTCBFreeList                            0x200000cc   Data           4  os_core.o(.data)
    OSTCBHighRdy                             0x200000d0   Data           4  os_core.o(.data)
    OSTCBList                                0x200000d4   Data           4  os_core.o(.data)
    OSTickStepState                          0x200000d8   Data           1  os_core.o(.data)
    OSMemFreeList                            0x200000dc   Data           4  os_core.o(.data)
    OSQFreeList                              0x200000e0   Data           4  os_core.o(.data)
    OSTime                                   0x200000e4   Data           4  os_core.o(.data)
    OSTmrFree                                0x200000e8   Data           2  os_core.o(.data)
    OSTmrUsed                                0x200000ea   Data           2  os_core.o(.data)
    OSTmrTime                                0x200000ec   Data           4  os_core.o(.data)
    OSTmrSem                                 0x200000f0   Data           4  os_core.o(.data)
    OSTmrSemSignal                           0x200000f4   Data           4  os_core.o(.data)
    OSTmrFreeList                            0x200000f8   Data           4  os_core.o(.data)
    pos                                      0x20003934   Data          12  data.o(.bss)
    OS_CPU_ExceptStk                         0x20003940   Data         512  os_cpu_c.o(.bss)
    OSEventTbl                               0x20003b40   Data        1440  os_core.o(.bss)
    OSFlagTbl                                0x200040e0   Data          80  os_core.o(.bss)
    OSTaskStatStk                            0x20004130   Data         512  os_core.o(.bss)
    OSTaskIdleStk                            0x20004330   Data         512  os_core.o(.bss)
    OSTCBPrioTbl                             0x20004530   Data         256  os_core.o(.bss)
    OSTCBTbl                                 0x20004630   Data        2816  os_core.o(.bss)
    OSMemTbl                                 0x20005130   Data         120  os_core.o(.bss)
    OSQTbl                                   0x200051a8   Data          96  os_core.o(.bss)
    OSTmrTbl                                 0x20005208   Data         640  os_core.o(.bss)
    OSTmrTaskStk                             0x20005488   Data         512  os_core.o(.bss)
    OSTmrWheelTbl                            0x20005688   Data          64  os_core.o(.bss)
    __libspace_start                         0x200056c8   Data          96  libspace.o(.bss)
    __temporary_stack_top$libspace           0x20005728   Data           0  libspace.o(.bss)



==============================================================================

Memory Map of the image

  Image Entry point : 0x08000189

  Load Region LR_IROM1 (Base: 0x08000000, Size: 0x00009ca0, Max: 0x00080000, ABSOLUTE)

    Execution Region ER_IROM1 (Base: 0x08000000, Size: 0x00009b94, Max: 0x00080000, ABSOLUTE)

    Base Addr    Size         Type   Attr      Idx    E Section Name        Object

    0x08000000   0x00000188   Data   RO          536    RESET               startup_stm32f4xx.o
    0x08000188   0x00000008   Code   RO          983  * !!!main             c_w.l(__main.o)
    0x08000190   0x00000034   Code   RO         1190    !!!scatter          c_w.l(__scatter.o)
    0x080001c4   0x0000001a   Code   RO         1192    !!handler_copy      c_w.l(__scatter_copy.o)
    0x080001de   0x00000002   PAD
    0x080001e0   0x0000001c   Code   RO         1194    !!handler_zi        c_w.l(__scatter_zi.o)
    0x080001fc   0x00000002   Code   RO         1063    .ARM.Collect$$libinit$$00000000  c_w.l(libinit.o)
    0x080001fe   0x00000000   Code   RO         1070    .ARM.Collect$$libinit$$00000002  c_w.l(libinit2.o)
    0x080001fe   0x00000000   Code   RO         1073    .ARM.Collect$$libinit$$00000008  c_w.l(libinit2.o)
    0x080001fe   0x00000000   Code   RO         1075    .ARM.Collect$$libinit$$0000000A  c_w.l(libinit2.o)
    0x080001fe   0x00000000   Code   RO         1077    .ARM.Collect$$libinit$$0000000C  c_w.l(libinit2.o)
    0x080001fe   0x00000000   Code   RO         1080    .ARM.Collect$$libinit$$0000000F  c_w.l(libinit2.o)
    0x080001fe   0x00000000   Code   RO         1082    .ARM.Collect$$libinit$$00000011  c_w.l(libinit2.o)
    0x080001fe   0x00000000   Code   RO         1084    .ARM.Collect$$libinit$$00000013  c_w.l(libinit2.o)
    0x080001fe   0x00000000   Code   RO         1086    .ARM.Collect$$libinit$$00000015  c_w.l(libinit2.o)
    0x080001fe   0x00000000   Code   RO         1088    .ARM.Collect$$libinit$$00000017  c_w.l(libinit2.o)
    0x080001fe   0x00000000   Code   RO         1090    .ARM.Collect$$libinit$$00000019  c_w.l(libinit2.o)
    0x080001fe   0x00000000   Code   RO         1092    .ARM.Collect$$libinit$$0000001B  c_w.l(libinit2.o)
    0x080001fe   0x00000000   Code   RO         1094    .ARM.Collect$$libinit$$0000001D  c_w.l(libinit2.o)
    0x080001fe   0x00000000   Code   RO         1096    .ARM.Collect$$libinit$$0000001F  c_w.l(libinit2.o)
    0x080001fe   0x00000000   Code   RO         1098    .ARM.Collect$$libinit$$00000021  c_w.l(libinit2.o)
    0x080001fe   0x00000000   Code   RO         1100    .ARM.Collect$$libinit$$00000023  c_w.l(libinit2.o)
    0x080001fe   0x00000000   Code   RO         1104    .ARM.Collect$$libinit$$0000002A  c_w.l(libinit2.o)
    0x080001fe   0x00000000   Code   RO         1106    .ARM.Collect$$libinit$$0000002C  c_w.l(libinit2.o)
    0x080001fe   0x00000000   Code   RO         1108    .ARM.Collect$$libinit$$0000002E  c_w.l(libinit2.o)
    0x080001fe   0x00000000   Code   RO         1110    .ARM.Collect$$libinit$$00000030  c_w.l(libinit2.o)
    0x080001fe   0x00000002   Code   RO         1111    .ARM.Collect$$libinit$$00000031  c_w.l(libinit2.o)
    0x08000200   0x00000002   Code   RO         1131    .ARM.Collect$$libshutdown$$00000000  c_w.l(libshutdown.o)
    0x08000202   0x00000000   Code   RO         1145    .ARM.Collect$$libshutdown$$00000003  c_w.l(libshutdown2.o)
    0x08000202   0x00000000   Code   RO         1148    .ARM.Collect$$libshutdown$$00000006  c_w.l(libshutdown2.o)
    0x08000202   0x00000000   Code   RO         1151    .ARM.Collect$$libshutdown$$00000009  c_w.l(libshutdown2.o)
    0x08000202   0x00000000   Code   RO         1153    .ARM.Collect$$libshutdown$$0000000B  c_w.l(libshutdown2.o)
    0x08000202   0x00000000   Code   RO         1156    .ARM.Collect$$libshutdown$$0000000E  c_w.l(libshutdown2.o)
    0x08000202   0x00000002   Code   RO         1157    .ARM.Collect$$libshutdown$$0000000F  c_w.l(libshutdown2.o)
    0x08000204   0x00000000   Code   RO         1023    .ARM.Collect$$rtentry$$00000000  c_w.l(rtentry.o)
    0x08000204   0x00000000   Code   RO         1038    .ARM.Collect$$rtentry$$00000002  c_w.l(rtentry2.o)
    0x08000204   0x00000006   Code   RO         1050    .ARM.Collect$$rtentry$$00000004  c_w.l(rtentry4.o)
    0x0800020a   0x00000000   Code   RO         1040    .ARM.Collect$$rtentry$$00000009  c_w.l(rtentry2.o)
    0x0800020a   0x00000004   Code   RO         1041    .ARM.Collect$$rtentry$$0000000A  c_w.l(rtentry2.o)
    0x0800020e   0x00000000   Code   RO         1043    .ARM.Collect$$rtentry$$0000000C  c_w.l(rtentry2.o)
    0x0800020e   0x00000008   Code   RO         1044    .ARM.Collect$$rtentry$$0000000D  c_w.l(rtentry2.o)
    0x08000216   0x00000002   Code   RO         1067    .ARM.Collect$$rtexit$$00000000  c_w.l(rtexit.o)
    0x08000218   0x00000000   Code   RO         1113    .ARM.Collect$$rtexit$$00000002  c_w.l(rtexit2.o)
    0x08000218   0x00000004   Code   RO         1114    .ARM.Collect$$rtexit$$00000003  c_w.l(rtexit2.o)
    0x0800021c   0x00000006   Code   RO         1115    .ARM.Collect$$rtexit$$00000004  c_w.l(rtexit2.o)
    0x08000222   0x00000002   PAD
    0x08000224   0x00000074   Code   RO            4    .text               main.o
    0x08000298   0x000003dc   Code   RO          106    .text               task.o
    0x08000674   0x00000400   Code   RO          232    .text               stm32f4xx_it.o
    0x08000a74   0x00000556   Code   RO          338    .text               timer.o
    0x08000fca   0x00000002   PAD
    0x08000fcc   0x0000034c   Code   RO          362    .text               usart.o
    0x08001318   0x00000450   Code   RO          396    .text               can.o
    0x08001768   0x000014b4   Code   RO          456    .text               action_driver.o
    0x08002c1c   0x00000080   Code   RO          484    .text               data.o
    0x08002c9c   0x00000200   Code   RO          507    .text               system_stm32f4xx.o
    0x08002e9c   0x00000040   Code   RO          537    .text               startup_stm32f4xx.o
    0x08002edc   0x00000188   Code   RO          544    .text               os_cpu_c.o
    0x08003064   0x000000ac   Code   RO          577    .text               os_cpu_a.o
    0x08003110   0x0000015c   Code   RO          580    .text               os_dbg.o
    0x0800326c   0x00000d50   Code   RO          595    .text               os_core.o
    0x08003fbc   0x00000864   Code   RO          615    .text               os_flag.o
    0x08004820   0x0000042c   Code   RO          627    .text               os_mbox.o
    0x08004c4c   0x00000258   Code   RO          639    .text               os_mem.o
    0x08004ea4   0x00000654   Code   RO          663    .text               os_q.o
    0x080054f8   0x000003e0   Code   RO          675    .text               os_sem.o
    0x080058d8   0x0000090c   Code   RO          687    .text               os_task.o
    0x080061e4   0x000001d4   Code   RO          699    .text               os_time.o
    0x080063b8   0x000006e0   Code   RO          711    .text               os_tmr.o
    0x08006a98   0x00000012   Code   RO          726    .text               os_apphooks.o
    0x08006aaa   0x00000002   PAD
    0x08006aac   0x0000025c   Code   RO          750    .text               stm32f4xx_gpio.o
    0x08006d08   0x00000588   Code   RO          774    .text               stm32f4xx_rcc.o
    0x08007290   0x000000e0   Code   RO          800    .text               misc.o
    0x08007370   0x00000ca2   Code   RO          824    .text               stm32f4xx_tim.o
    0x08008012   0x00000002   PAD
    0x08008014   0x0000043e   Code   RO          848    .text               stm32f4xx_usart.o
    0x08008452   0x00000002   PAD
    0x08008454   0x000009f0   Code   RO          875    .text               stm32f4xx_can.o
    0x08008e44   0x00000064   Code   RO          979    .text               c_w.l(rt_memcpy_w.o)
    0x08008ea8   0x00000006   Code   RO          981    .text               c_w.l(heapauxi.o)
    0x08008eae   0x0000004a   Code   RO         1054    .text               c_w.l(sys_stackheap_outer.o)
    0x08008ef8   0x0000000c   Code   RO         1056    .text               c_w.l(exit.o)
    0x08008f04   0x00000008   Code   RO         1064    .text               c_w.l(libspace.o)
    0x08008f0c   0x0000000c   Code   RO         1123    .text               c_w.l(sys_exit.o)
    0x08008f18   0x00000002   Code   RO         1134    .text               c_w.l(use_no_semi.o)
    0x08008f1a   0x00000000   Code   RO         1136    .text               c_w.l(indicate_semi.o)
    0x08008f1a   0x00000002   PAD
    0x08008f1c   0x00000062   Code   RO          985    x$fpl$d2f           fz_ws.l(d2f.o)
    0x08008f7e   0x00000002   PAD
    0x08008f80   0x00000150   Code   RO          987    x$fpl$dadd          fz_ws.l(daddsub_clz.o)
    0x080090d0   0x00000018   Code   RO         1052    x$fpl$dcmpinf       fz_ws.l(dcmpi.o)
    0x080090e8   0x0000005e   Code   RO          993    x$fpl$dfix          fz_ws.l(dfix.o)
    0x08009146   0x0000002e   Code   RO          998    x$fpl$dflt          fz_ws.l(dflt_clz.o)
    0x08009174   0x00000078   Code   RO         1024    x$fpl$dleqf         fz_ws.l(dleqf.o)
    0x080091ec   0x00000154   Code   RO         1003    x$fpl$dmul          fz_ws.l(dmul.o)
    0x08009340   0x0000009c   Code   RO         1026    x$fpl$dnaninf       fz_ws.l(dnaninf.o)
    0x080093dc   0x0000000c   Code   RO         1028    x$fpl$dretinf       fz_ws.l(dretinf.o)
    0x080093e8   0x0000006c   Code   RO         1005    x$fpl$drleqf        fz_ws.l(drleqf.o)
    0x08009454   0x000001d4   Code   RO          989    x$fpl$dsub          fz_ws.l(daddsub_clz.o)
    0x08009628   0x00000056   Code   RO         1007    x$fpl$f2d           fz_ws.l(f2d.o)
    0x0800967e   0x00000018   Code   RO         1030    x$fpl$fcmpinf       fz_ws.l(fcmpi.o)
    0x08009696   0x00000002   PAD
    0x08009698   0x00000036   Code   RO         1009    x$fpl$ffix          fz_ws.l(ffix.o)
    0x080096ce   0x00000002   PAD
    0x080096d0   0x00000030   Code   RO         1014    x$fpl$fflt          fz_ws.l(fflt_clz.o)
    0x08009700   0x00000068   Code   RO         1019    x$fpl$fleqf         fz_ws.l(fleqf.o)
    0x08009768   0x00000102   Code   RO         1021    x$fpl$fmul          fz_ws.l(fmul.o)
    0x0800986a   0x0000008c   Code   RO         1032    x$fpl$fnaninf       fz_ws.l(fnaninf.o)
    0x080098f6   0x0000000a   Code   RO         1034    x$fpl$fretinf       fz_ws.l(fretinf.o)
    0x08009900   0x00000000   Code   RO         1036    x$fpl$usenofp       fz_ws.l(usenofp.o)
    0x08009900   0x00000100   Data   RO          457    .constdata          action_driver.o
    0x08009a00   0x00000074   Data   RO          581    .constdata          os_dbg.o
    0x08009a74   0x00000100   Data   RO          597    .constdata          os_core.o
    0x08009b74   0x00000020   Data   RO         1188    Region$$Table       anon$$obj.o


    Execution Region RW_IRAM1 (Base: 0x20000000, Size: 0x00005d28, Max: 0x00020000, ABSOLUTE)

    Base Addr    Size         Type   Attr      Idx    E Section Name        Object

    0x20000000   0x00000030   Data   RW          108    .data               task.o
    0x20000030   0x00000008   Data   RW          234    .data               stm32f4xx_it.o
    0x20000038   0x00000040   Data   RW          458    .data               action_driver.o
    0x20000078   0x00000005   Data   RW          486    .data               data.o
    0x2000007d   0x00000003   PAD
    0x20000080   0x00000014   Data   RW          508    .data               system_stm32f4xx.o
    0x20000094   0x00000006   Data   RW          546    .data               os_cpu_c.o
    0x2000009a   0x00000002   PAD
    0x2000009c   0x00000060   Data   RW          598    .data               os_core.o
    0x200000fc   0x00000010   Data   RW          775    .data               stm32f4xx_rcc.o
    0x2000010c   0x00001c00   Zero   RW            5    .bss                main.o
    0x20001d0c   0x00001c00   Zero   RW          107    .bss                task.o
    0x2000390c   0x00000028   Zero   RW          233    .bss                stm32f4xx_it.o
    0x20003934   0x0000000c   Zero   RW          485    .bss                data.o
    0x20003940   0x00000200   Zero   RW          545    .bss                os_cpu_c.o
    0x20003b40   0x00001b88   Zero   RW          596    .bss                os_core.o
    0x200056c8   0x00000060   Zero   RW         1065    .bss                c_w.l(libspace.o)
    0x20005728   0x00000200   Zero   RW          535    HEAP                startup_stm32f4xx.o
    0x20005928   0x00000400   Zero   RW          534    STACK               startup_stm32f4xx.o


==============================================================================

Image component sizes


      Code (inc. data)   RO Data    RW Data    ZI Data      Debug   Object Name

      5300        142        256         64          0      13895   action_driver.o
      1104         16          0          0          0      11221   can.o
       128         14          0          5         12       2001   data.o
         0          0          0          0          0      40728   encoder.o
       116         18          0          0       7168     230330   main.o
       224         20          0          0          0       1861   misc.o
        18          0          0          0          0       1415   os_apphooks.o
      3408        290        256         96       7048      18787   os_core.o
       172         32          0          0          0        308   os_cpu_a.o
       392         34          0          6        512      11947   os_cpu_c.o
       348        230        116          0          0       3330   os_dbg.o
      2148         44          0          0          0       6860   os_flag.o
      1068         20          0          0          0       4190   os_mbox.o
       600         16          0          0          0       3272   os_mem.o
      1620         34          0          0          0       5705   os_q.o
       992         22          0          0          0       3922   os_sem.o
      2316         76          0          0          0       7989   os_task.o
       468         28          0          0          0       1806   os_time.o
      1760        132          0          0          0       5585   os_tmr.o
        64         26        392          0       1536        808   startup_stm32f4xx.o
      2544         38          0          0          0       7860   stm32f4xx_can.o
       604         36          0          0          0       3953   stm32f4xx_gpio.o
      1024        110          0          8         40       3468   stm32f4xx_it.o
      1416         48          0         16          0      10911   stm32f4xx_rcc.o
      3234         60          0          0          0      22188   stm32f4xx_tim.o
      1086         26          0          0          0      13672   stm32f4xx_usart.o
       512         44          0         20          0       1703   system_stm32f4xx.o
       988        104          0         48       7168     249812   task.o
      1366         14          0          0          0       2519   timer.o
       844         20          0          0          0       3550   usart.o

    ----------------------------------------------------------------------
     35872       1694       1052        268      23484     695596   Object Totals
         0          0         32          0          0          0   (incl. Generated)
         8          0          0          5          0          0   (incl. Padding)

    ----------------------------------------------------------------------

      Code (inc. data)   RO Data    RW Data    ZI Data      Debug   Library Member Name

         8          0          0          0          0         68   __main.o
        52          8          0          0          0          0   __scatter.o
        26          0          0          0          0          0   __scatter_copy.o
        28          0          0          0          0          0   __scatter_zi.o
        12          0          0          0          0         72   exit.o
         6          0          0          0          0        152   heapauxi.o
         0          0          0          0          0          0   indicate_semi.o
         2          0          0          0          0          0   libinit.o
         2          0          0          0          0          0   libinit2.o
         2          0          0          0          0          0   libshutdown.o
         2          0          0          0          0          0   libshutdown2.o
         8          4          0          0         96         68   libspace.o
       100          0          0          0          0         80   rt_memcpy_w.o
         0          0          0          0          0          0   rtentry.o
        12          0          0          0          0          0   rtentry2.o
         6          0          0          0          0          0   rtentry4.o
         2          0          0          0          0          0   rtexit.o
        10          0          0          0          0          0   rtexit2.o
        12          4          0          0          0         68   sys_exit.o
        74          0          0          0          0         80   sys_stackheap_outer.o
         2          0          0          0          0         68   use_no_semi.o
        98          4          0          0          0         92   d2f.o
       804         16          0          0          0        272   daddsub_clz.o
        24          0          0          0          0         68   dcmpi.o
        94          4          0          0          0         92   dfix.o
        46          0          0          0          0         68   dflt_clz.o
       120          4          0          0          0         92   dleqf.o
       340         12          0          0          0        104   dmul.o
       156          4          0          0          0         92   dnaninf.o
        12          0          0          0          0         68   dretinf.o
       108          0          0          0          0         80   drleqf.o
        86          4          0          0          0         84   f2d.o
        24          0          0          0          0         68   fcmpi.o
        54          4          0          0          0         84   ffix.o
        48          0          0          0          0         68   fflt_clz.o
       104          4          0          0          0         84   fleqf.o
       258          4          0          0          0         84   fmul.o
       140          4          0          0          0         84   fnaninf.o
        10          0          0          0          0         68   fretinf.o
         0          0          0          0          0          0   usenofp.o

    ----------------------------------------------------------------------
      2904         80          0          0         96       2308   Library Totals
        12          0          0          0          0          0   (incl. Padding)

    ----------------------------------------------------------------------

      Code (inc. data)   RO Data    RW Data    ZI Data      Debug   Library Name

       366         16          0          0         96        656   c_w.l
      2526         64          0          0          0       1652   fz_ws.l

    ----------------------------------------------------------------------
      2904         80          0          0         96       2308   Library Totals

    ----------------------------------------------------------------------

==============================================================================


      Code (inc. data)   RO Data    RW Data    ZI Data      Debug   

     38776       1774       1052        268      23580     694260   Grand Totals
     38776       1774       1052        268      23580     694260   ELF Image Totals
     38776       1774       1052        268          0          0   ROM Totals

==============================================================================

    Total RO  Size (Code + RO Data)                39828 (  38.89kB)
    Total RW  Size (RW Data + ZI Data)             23848 (  23.29kB)
    Total ROM Size (Code + RO Data + RW Data)      40096 (  39.16kB)

==============================================================================

